[2026-06-03 10:02:06] NOTIFICARE [INTERNARE_NOUA]: Pacient PAC_1000 internat in SEC_1 / Pat: SAL_1-P1
[2026-06-03 10:02:06] NOTIFICARE [INTERNARE_NOUA]: Pacient PAC_1001 internat in SEC_1 / Pat: SAL_1-P2
[2026-06-03 10:02:06] NOTIFICARE [INTERNARE_NOUA]: Pacient PAC_1002 internat in SEC_1 / Pat: SAL_1-P3
[2026-06-03 10:02:06] NOTIFICARE [INTERNARE_NOUA]: Pacient PAC_1003 internat in SEC_1 / Pat: SAL_1-P4
[2026-06-03 10:02:06] NOTIFICARE [INTERNARE_NOUA]: Pacient PAC_1004 internat in SEC_1 / Pat: SAL_2-P1
[2026-06-03 10:02:06] NOTIFICARE [INTERNARE_NOUA]: Pacient PAC_1005 internat in SEC_1 / Pat: SAL_2-P2
[2026-06-03 10:02:06] NOTIFICARE [INTERNARE_NOUA]: Pacient PAC_1006 internat in SEC_1 / Pat: SAL_2-P3
[2026-06-03 10:02:06] NOTIFICARE [INTERNARE_NOUA]: Pacient PAC_1007 internat in SEC_1 / Pat: SAL_2-P4
[2026-06-03 10:02:06] NOTIFICARE [INTERNARE_NOUA]: Pacient PAC_1008 internat in SEC_1 / Pat: SAL_3-P1
[2026-06-03 10:02:06] NOTIFICARE [INTERNARE_NOUA]: Pacient PAC_1009 internat in SEC_1 / Pat: SAL_3-P2
[2026-06-03 10:02:06] NOTIFICARE [STOC_CRITIC]: Stoc critic: Manusi Chirurgicale (5 unitati)
[2026-06-03 10:02:06] NOTIFICARE [PRODUS_EXPIRAT]: Produs expirat: Manusi Chirurgicale (exp: 2023-01-01)
[2026-06-03 10:02:06] NOTIFICARE [STOC_CRITIC]: Stoc critic: Manusi Chirurgicale (5 unitati)
[2026-06-03 10:02:06] NOTIFICARE [PRODUS_EXPIRAT]: Produs expirat: Manusi Chirurgicale (exp: 2023-01-01)
[2026-06-03 10:02:06] NOTIFICARE [STOC_CRITIC]: Stoc critic: Manusi Chirurgicale (5 unitati)
[2026-06-03 10:02:06] NOTIFICARE [PRODUS_EXPIRAT]: Produs expirat: Manusi Chirurgicale (exp: 2023-01-01)
[2026-06-03 10:02:06] NOTIFICARE [STOC_CRITIC]: Stoc critic: Manusi Chirurgicale (5 unitati)
[2026-06-03 10:02:06] NOTIFICARE [PRODUS_EXPIRAT]: Produs expirat: Manusi Chirurgicale (exp: 2023-01-01)
[2026-06-03 10:02:06] NOTIFICARE [STOC_CRITIC]: Stoc critic: Manusi Chirurgicale (5 unitati)
[2026-06-03 10:02:06] NOTIFICARE [PRODUS_EXPIRAT]: Produs expirat: Manusi Chirurgicale (exp: 2023-01-01)
[2026-06-03 10:02:06] NOTIFICARE [STOC_CRITIC]: Stoc critic: Manusi Chirurgicale (5 unitati)
[2026-06-03 10:02:06] NOTIFICARE [PRODUS_EXPIRAT]: Produs expirat: Manusi Chirurgicale (exp: 2023-01-01)
[2026-06-03 10:02:06] NOTIFICARE [STOC_CRITIC]: Stoc critic: Ser Fiziologic 500ml (5 unitati)
[2026-06-03 10:02:06] NOTIFICARE [STOC_CRITIC]: Stoc critic: Manusi Chirurgicale (5 unitati)
[2026-06-03 10:02:06] NOTIFICARE [PRODUS_EXPIRAT]: Produs expirat: Manusi Chirurgicale (exp: 2023-01-01)
[2026-06-03 10:02:06] NOTIFICARE [STOC_CRITIC]: Stoc critic: Ser Fiziologic 500ml (5 unitati)
[2026-06-03 10:02:06] NOTIFICARE [PRODUS_EXPIRAT]: Produs expirat: Eprubete recoltare (exp: 2023-01-01)
[2026-06-03 10:02:06] NOTIFICARE [STOC_CRITIC]: Stoc critic: Manusi Chirurgicale (5 unitati)
[2026-06-03 10:02:06] NOTIFICARE [PRODUS_EXPIRAT]: Produs expirat: Manusi Chirurgicale (exp: 2023-01-01)
[2026-06-03 10:02:06] NOTIFICARE [STOC_CRITIC]: Stoc critic: Ser Fiziologic 500ml (5 unitati)
[2026-06-03 10:02:06] NOTIFICARE [PRODUS_EXPIRAT]: Produs expirat: Eprubete recoltare (exp: 2023-01-01)
[2026-06-03 10:02:06] NOTIFICARE [STOC_CRITIC]: Stoc critic: Manusi Chirurgicale (5 unitati)
[2026-06-03 10:02:06] NOTIFICARE [PRODUS_EXPIRAT]: Produs expirat: Manusi Chirurgicale (exp: 2023-01-01)
[2026-06-03 10:02:06] NOTIFICARE [STOC_CRITIC]: Stoc critic: Ser Fiziologic 500ml (5 unitati)
[2026-06-03 10:02:06] NOTIFICARE [PRODUS_EXPIRAT]: Produs expirat: Eprubete recoltare (exp: 2023-01-01)
[2026-06-03 10:02:06] NOTIFICARE [STOC_CRITIC]: Stoc critic: Manusi Chirurgicale (5 unitati)
[2026-06-03 10:02:06] NOTIFICARE [PRODUS_EXPIRAT]: Produs expirat: Manusi Chirurgicale (exp: 2023-01-01)
[2026-06-03 10:02:06] NOTIFICARE [STOC_CRITIC]: Stoc critic: Ser Fiziologic 500ml (5 unitati)
[2026-06-03 10:02:06] NOTIFICARE [PRODUS_EXPIRAT]: Produs expirat: Eprubete recoltare (exp: 2023-01-01)
[2026-06-03 10:02:06] NOTIFICARE [STOC_CRITIC]: Stoc critic: Manusi Chirurgicale (5 unitati)
[2026-06-03 10:02:06] NOTIFICARE [PRODUS_EXPIRAT]: Produs expirat: Manusi Chirurgicale (exp: 2023-01-01)
[2026-06-03 10:02:06] NOTIFICARE [STOC_CRITIC]: Stoc critic: Ser Fiziologic 500ml (5 unitati)
[2026-06-03 10:02:06] NOTIFICARE [PRODUS_EXPIRAT]: Produs expirat: Eprubete recoltare (exp: 2023-01-01)
[2026-06-03 10:02:06] NOTIFICARE [STOC_CRITIC]: Stoc critic: Ibuprofen 400mg (5 unitati)
[2026-06-03 10:02:06] NOTIFICARE [STOC_CRITIC]: Stoc critic: Manusi Chirurgicale (5 unitati)
[2026-06-03 10:02:06] NOTIFICARE [PRODUS_EXPIRAT]: Produs expirat: Manusi Chirurgicale (exp: 2023-01-01)
[2026-06-03 10:02:06] NOTIFICARE [STOC_CRITIC]: Stoc critic: Ser Fiziologic 500ml (5 unitati)
[2026-06-03 10:02:06] NOTIFICARE [PRODUS_EXPIRAT]: Produs expirat: Eprubete recoltare (exp: 2023-01-01)
[2026-06-03 10:02:06] NOTIFICARE [STOC_CRITIC]: Stoc critic: Ibuprofen 400mg (5 unitati)
[2026-06-03 10:02:06] NOTIFICARE [STOC_CRITIC]: Stoc critic: Manusi Chirurgicale (5 unitati)
[2026-06-03 10:02:06] NOTIFICARE [PRODUS_EXPIRAT]: Produs expirat: Manusi Chirurgicale (exp: 2023-01-01)
[2026-06-03 10:02:06] NOTIFICARE [STOC_CRITIC]: Stoc critic: Ser Fiziologic 500ml (5 unitati)
[2026-06-03 10:02:06] NOTIFICARE [PRODUS_EXPIRAT]: Produs expirat: Eprubete recoltare (exp: 2023-01-01)
[2026-06-03 10:02:06] NOTIFICARE [STOC_CRITIC]: Stoc critic: Ibuprofen 400mg (5 unitati)
[2026-06-03 10:02:06] NOTIFICARE [PRODUS_EXPIRAT]: Produs expirat: Cateter IV (exp: 2023-01-01)
[2026-06-03 10:02:06] NOTIFICARE [STOC_CRITIC]: Stoc critic: Manusi Chirurgicale (5 unitati)
[2026-06-03 10:02:06] NOTIFICARE [PRODUS_EXPIRAT]: Produs expirat: Manusi Chirurgicale (exp: 2023-01-01)
[2026-06-03 10:02:06] NOTIFICARE [STOC_CRITIC]: Stoc critic: Ser Fiziologic 500ml (5 unitati)
[2026-06-03 10:02:06] NOTIFICARE [PRODUS_EXPIRAT]: Produs expirat: Eprubete recoltare (exp: 2023-01-01)
[2026-06-03 10:02:06] NOTIFICARE [STOC_CRITIC]: Stoc critic: Ibuprofen 400mg (5 unitati)
[2026-06-03 10:02:06] NOTIFICARE [PRODUS_EXPIRAT]: Produs expirat: Cateter IV (exp: 2023-01-01)
[2026-06-03 10:02:06] NOTIFICARE [STOC_CRITIC]: Stoc critic: Manusi Chirurgicale (5 unitati)
[2026-06-03 10:02:06] NOTIFICARE [PRODUS_EXPIRAT]: Produs expirat: Manusi Chirurgicale (exp: 2023-01-01)
[2026-06-03 10:02:06] NOTIFICARE [STOC_CRITIC]: Stoc critic: Ser Fiziologic 500ml (5 unitati)
[2026-06-03 10:02:06] NOTIFICARE [PRODUS_EXPIRAT]: Produs expirat: Eprubete recoltare (exp: 2023-01-01)
[2026-06-03 10:02:06] NOTIFICARE [STOC_CRITIC]: Stoc critic: Ibuprofen 400mg (5 unitati)
[2026-06-03 10:02:06] NOTIFICARE [PRODUS_EXPIRAT]: Produs expirat: Cateter IV (exp: 2023-01-01)
[2026-06-03 10:02:06] NOTIFICARE [STOC_CRITIC]: Stoc critic: Manusi Chirurgicale (5 unitati)
[2026-06-03 10:02:06] NOTIFICARE [PRODUS_EXPIRAT]: Produs expirat: Manusi Chirurgicale (exp: 2023-01-01)
[2026-06-03 10:02:06] NOTIFICARE [STOC_CRITIC]: Stoc critic: Ser Fiziologic 500ml (5 unitati)
[2026-06-03 10:02:06] NOTIFICARE [PRODUS_EXPIRAT]: Produs expirat: Eprubete recoltare (exp: 2023-01-01)
[2026-06-03 10:02:06] NOTIFICARE [STOC_CRITIC]: Stoc critic: Ibuprofen 400mg (5 unitati)
[2026-06-03 10:02:06] NOTIFICARE [PRODUS_EXPIRAT]: Produs expirat: Cateter IV (exp: 2023-01-01)
[2026-06-03 10:02:06] NOTIFICARE [STOC_CRITIC]: Stoc critic: Metoprolol 50mg (5 unitati)
[2026-06-03 10:02:06] NOTIFICARE [STOC_CRITIC]: Stoc critic: Manusi Chirurgicale (5 unitati)
[2026-06-03 10:02:06] NOTIFICARE [PRODUS_EXPIRAT]: Produs expirat: Manusi Chirurgicale (exp: 2023-01-01)
[2026-06-03 10:02:06] NOTIFICARE [STOC_CRITIC]: Stoc critic: Ser Fiziologic 500ml (5 unitati)
[2026-06-03 10:02:06] NOTIFICARE [PRODUS_EXPIRAT]: Produs expirat: Eprubete recoltare (exp: 2023-01-01)
[2026-06-03 10:02:06] NOTIFICARE [STOC_CRITIC]: Stoc critic: Ibuprofen 400mg (5 unitati)
[2026-06-03 10:02:06] NOTIFICARE [PRODUS_EXPIRAT]: Produs expirat: Cateter IV (exp: 2023-01-01)
[2026-06-03 10:02:06] NOTIFICARE [STOC_CRITIC]: Stoc critic: Metoprolol 50mg (5 unitati)
[2026-06-03 10:02:06] NOTIFICARE [STOC_CRITIC]: Stoc critic: Manusi Chirurgicale (5 unitati)
[2026-06-03 10:02:06] NOTIFICARE [PRODUS_EXPIRAT]: Produs expirat: Manusi Chirurgicale (exp: 2023-01-01)
[2026-06-03 10:02:06] NOTIFICARE [STOC_CRITIC]: Stoc critic: Ser Fiziologic 500ml (5 unitati)
[2026-06-03 10:02:06] NOTIFICARE [PRODUS_EXPIRAT]: Produs expirat: Eprubete recoltare (exp: 2023-01-01)
[2026-06-03 10:02:06] NOTIFICARE [STOC_CRITIC]: Stoc critic: Ibuprofen 400mg (5 unitati)
[2026-06-03 10:02:06] NOTIFICARE [PRODUS_EXPIRAT]: Produs expirat: Cateter IV (exp: 2023-01-01)
[2026-06-03 10:02:06] NOTIFICARE [STOC_CRITIC]: Stoc critic: Metoprolol 50mg (5 unitati)
[2026-06-03 10:02:06] NOTIFICARE [STOC_CRITIC]: Stoc critic: Manusi Chirurgicale (5 unitati)
[2026-06-03 10:02:06] NOTIFICARE [PRODUS_EXPIRAT]: Produs expirat: Manusi Chirurgicale (exp: 2023-01-01)
[2026-06-03 10:02:06] NOTIFICARE [STOC_CRITIC]: Stoc critic: Ser Fiziologic 500ml (5 unitati)
[2026-06-03 10:02:06] NOTIFICARE [PRODUS_EXPIRAT]: Produs expirat: Eprubete recoltare (exp: 2023-01-01)
[2026-06-03 10:02:06] NOTIFICARE [STOC_CRITIC]: Stoc critic: Ibuprofen 400mg (5 unitati)
[2026-06-03 10:02:06] NOTIFICARE [PRODUS_EXPIRAT]: Produs expirat: Cateter IV (exp: 2023-01-01)
[2026-06-03 10:02:06] NOTIFICARE [STOC_CRITIC]: Stoc critic: Metoprolol 50mg (5 unitati)
[2026-06-03 10:02:06] NOTIFICARE [PRODUS_EXPIRAT]: Produs expirat: Diazepam fiole (exp: 2023-01-01)
[2026-06-03 10:02:06] NOTIFICARE [STOC_CRITIC]: Stoc critic: Manusi Chirurgicale (5 unitati)
[2026-06-03 10:02:06] NOTIFICARE [PRODUS_EXPIRAT]: Produs expirat: Manusi Chirurgicale (exp: 2023-01-01)
[2026-06-03 10:02:06] NOTIFICARE [STOC_CRITIC]: Stoc critic: Ser Fiziologic 500ml (5 unitati)
[2026-06-03 10:02:06] NOTIFICARE [PRODUS_EXPIRAT]: Produs expirat: Eprubete recoltare (exp: 2023-01-01)
[2026-06-03 10:02:06] NOTIFICARE [STOC_CRITIC]: Stoc critic: Ibuprofen 400mg (5 unitati)
[2026-06-03 10:02:06] NOTIFICARE [PRODUS_EXPIRAT]: Produs expirat: Cateter IV (exp: 2023-01-01)
[2026-06-03 10:02:06] NOTIFICARE [STOC_CRITIC]: Stoc critic: Metoprolol 50mg (5 unitati)
[2026-06-03 10:02:06] NOTIFICARE [PRODUS_EXPIRAT]: Produs expirat: Diazepam fiole (exp: 2023-01-01)
[2026-06-03 10:02:06] NOTIFICARE [STOC_CRITIC]: Stoc critic: Manusi Chirurgicale (5 unitati)
[2026-06-03 10:02:06] NOTIFICARE [PRODUS_EXPIRAT]: Produs expirat: Manusi Chirurgicale (exp: 2023-01-01)
[2026-06-03 10:02:06] NOTIFICARE [STOC_CRITIC]: Stoc critic: Ser Fiziologic 500ml (5 unitati)
[2026-06-03 10:02:06] NOTIFICARE [PRODUS_EXPIRAT]: Produs expirat: Eprubete recoltare (exp: 2023-01-01)
[2026-06-03 10:02:06] NOTIFICARE [STOC_CRITIC]: Stoc critic: Ibuprofen 400mg (5 unitati)
[2026-06-03 10:02:06] NOTIFICARE [PRODUS_EXPIRAT]: Produs expirat: Cateter IV (exp: 2023-01-01)
[2026-06-03 10:02:06] NOTIFICARE [STOC_CRITIC]: Stoc critic: Metoprolol 50mg (5 unitati)
[2026-06-03 10:02:06] NOTIFICARE [PRODUS_EXPIRAT]: Produs expirat: Diazepam fiole (exp: 2023-01-01)
[2026-06-03 10:02:06] NOTIFICARE [STOC_CRITIC]: Stoc critic: Aparat TA (5 unitati)
[2026-06-03 10:02:06] NOTIFICARE [STOC_CRITIC]: Stoc critic: Manusi Chirurgicale (5 unitati)
[2026-06-03 10:02:06] NOTIFICARE [PRODUS_EXPIRAT]: Produs expirat: Manusi Chirurgicale (exp: 2023-01-01)
[2026-06-03 10:02:06] NOTIFICARE [STOC_CRITIC]: Stoc critic: Ser Fiziologic 500ml (5 unitati)
[2026-06-03 10:02:06] NOTIFICARE [PRODUS_EXPIRAT]: Produs expirat: Eprubete recoltare (exp: 2023-01-01)
[2026-06-03 10:02:06] NOTIFICARE [STOC_CRITIC]: Stoc critic: Ibuprofen 400mg (5 unitati)
[2026-06-03 10:02:06] NOTIFICARE [PRODUS_EXPIRAT]: Produs expirat: Cateter IV (exp: 2023-01-01)
[2026-06-03 10:02:06] NOTIFICARE [STOC_CRITIC]: Stoc critic: Metoprolol 50mg (5 unitati)
[2026-06-03 10:02:06] NOTIFICARE [PRODUS_EXPIRAT]: Produs expirat: Diazepam fiole (exp: 2023-01-01)
[2026-06-03 10:02:06] NOTIFICARE [STOC_CRITIC]: Stoc critic: Aparat TA (5 unitati)
[2026-06-03 10:02:42] NOTIFICARE [STOC_CRITIC]: Stoc critic: Manusi Chirurgicale (5 unitati)
[2026-06-03 10:02:42] NOTIFICARE [PRODUS_EXPIRAT]: Produs expirat: Manusi Chirurgicale (exp: 2023-01-01)
[2026-06-03 10:02:42] NOTIFICARE [STOC_CRITIC]: Stoc critic: Manusi Chirurgicale (5 unitati)
[2026-06-03 10:02:42] NOTIFICARE [PRODUS_EXPIRAT]: Produs expirat: Manusi Chirurgicale (exp: 2023-01-01)
[2026-06-03 10:02:42] NOTIFICARE [STOC_CRITIC]: Stoc critic: Manusi Chirurgicale (5 unitati)
[2026-06-03 10:02:42] NOTIFICARE [PRODUS_EXPIRAT]: Produs expirat: Manusi Chirurgicale (exp: 2023-01-01)
[2026-06-03 10:02:42] NOTIFICARE [STOC_CRITIC]: Stoc critic: Manusi Chirurgicale (5 unitati)
[2026-06-03 10:02:42] NOTIFICARE [PRODUS_EXPIRAT]: Produs expirat: Manusi Chirurgicale (exp: 2023-01-01)
[2026-06-03 10:02:42] NOTIFICARE [STOC_CRITIC]: Stoc critic: Manusi Chirurgicale (5 unitati)
[2026-06-03 10:02:42] NOTIFICARE [PRODUS_EXPIRAT]: Produs expirat: Manusi Chirurgicale (exp: 2023-01-01)
[2026-06-03 10:02:42] NOTIFICARE [STOC_CRITIC]: Stoc critic: Manusi Chirurgicale (5 unitati)
[2026-06-03 10:02:42] NOTIFICARE [PRODUS_EXPIRAT]: Produs expirat: Manusi Chirurgicale (exp: 2023-01-01)
[2026-06-03 10:02:42] NOTIFICARE [STOC_CRITIC]: Stoc critic: Ser Fiziologic 500ml (5 unitati)
[2026-06-03 10:02:42] NOTIFICARE [STOC_CRITIC]: Stoc critic: Manusi Chirurgicale (5 unitati)
[2026-06-03 10:02:42] NOTIFICARE [PRODUS_EXPIRAT]: Produs expirat: Manusi Chirurgicale (exp: 2023-01-01)
[2026-06-03 10:02:42] NOTIFICARE [STOC_CRITIC]: Stoc critic: Ser Fiziologic 500ml (5 unitati)
[2026-06-03 10:02:42] NOTIFICARE [PRODUS_EXPIRAT]: Produs expirat: Eprubete recoltare (exp: 2023-01-01)
[2026-06-03 10:02:42] NOTIFICARE [STOC_CRITIC]: Stoc critic: Manusi Chirurgicale (5 unitati)
[2026-06-03 10:02:42] NOTIFICARE [PRODUS_EXPIRAT]: Produs expirat: Manusi Chirurgicale (exp: 2023-01-01)
[2026-06-03 10:02:42] NOTIFICARE [STOC_CRITIC]: Stoc critic: Ser Fiziologic 500ml (5 unitati)
[2026-06-03 10:02:42] NOTIFICARE [PRODUS_EXPIRAT]: Produs expirat: Eprubete recoltare (exp: 2023-01-01)
[2026-06-03 10:02:42] NOTIFICARE [STOC_CRITIC]: Stoc critic: Manusi Chirurgicale (5 unitati)
[2026-06-03 10:02:42] NOTIFICARE [PRODUS_EXPIRAT]: Produs expirat: Manusi Chirurgicale (exp: 2023-01-01)
[2026-06-03 10:02:42] NOTIFICARE [STOC_CRITIC]: Stoc critic: Ser Fiziologic 500ml (5 unitati)
[2026-06-03 10:02:42] NOTIFICARE [PRODUS_EXPIRAT]: Produs expirat: Eprubete recoltare (exp: 2023-01-01)
[2026-06-03 10:02:42] NOTIFICARE [STOC_CRITIC]: Stoc critic: Manusi Chirurgicale (5 unitati)
[2026-06-03 10:02:42] NOTIFICARE [PRODUS_EXPIRAT]: Produs expirat: Manusi Chirurgicale (exp: 2023-01-01)
[2026-06-03 10:02:42] NOTIFICARE [STOC_CRITIC]: Stoc critic: Ser Fiziologic 500ml (5 unitati)
[2026-06-03 10:02:42] NOTIFICARE [PRODUS_EXPIRAT]: Produs expirat: Eprubete recoltare (exp: 2023-01-01)
[2026-06-03 10:02:42] NOTIFICARE [STOC_CRITIC]: Stoc critic: Manusi Chirurgicale (5 unitati)
[2026-06-03 10:02:42] NOTIFICARE [PRODUS_EXPIRAT]: Produs expirat: Manusi Chirurgicale (exp: 2023-01-01)
[2026-06-03 10:02:42] NOTIFICARE [STOC_CRITIC]: Stoc critic: Ser Fiziologic 500ml (5 unitati)
[2026-06-03 10:02:42] NOTIFICARE [PRODUS_EXPIRAT]: Produs expirat: Eprubete recoltare (exp: 2023-01-01)
[2026-06-03 10:02:42] NOTIFICARE [STOC_CRITIC]: Stoc critic: Ibuprofen 400mg (5 unitati)
[2026-06-03 10:02:42] NOTIFICARE [STOC_CRITIC]: Stoc critic: Manusi Chirurgicale (5 unitati)
[2026-06-03 10:02:42] NOTIFICARE [PRODUS_EXPIRAT]: Produs expirat: Manusi Chirurgicale (exp: 2023-01-01)
[2026-06-03 10:02:42] NOTIFICARE [STOC_CRITIC]: Stoc critic: Ser Fiziologic 500ml (5 unitati)
[2026-06-03 10:02:42] NOTIFICARE [PRODUS_EXPIRAT]: Produs expirat: Eprubete recoltare (exp: 2023-01-01)
[2026-06-03 10:02:42] NOTIFICARE [STOC_CRITIC]: Stoc critic: Ibuprofen 400mg (5 unitati)
[2026-06-03 10:02:42] NOTIFICARE [STOC_CRITIC]: Stoc critic: Manusi Chirurgicale (5 unitati)
[2026-06-03 10:02:42] NOTIFICARE [PRODUS_EXPIRAT]: Produs expirat: Manusi Chirurgicale (exp: 2023-01-01)
[2026-06-03 10:02:42] NOTIFICARE [STOC_CRITIC]: Stoc critic: Ser Fiziologic 500ml (5 unitati)
[2026-06-03 10:02:42] NOTIFICARE [PRODUS_EXPIRAT]: Produs expirat: Eprubete recoltare (exp: 2023-01-01)
[2026-06-03 10:02:42] NOTIFICARE [STOC_CRITIC]: Stoc critic: Ibuprofen 400mg (5 unitati)
[2026-06-03 10:02:42] NOTIFICARE [PRODUS_EXPIRAT]: Produs expirat: Cateter IV (exp: 2023-01-01)
[2026-06-03 10:02:42] NOTIFICARE [STOC_CRITIC]: Stoc critic: Manusi Chirurgicale (5 unitati)
[2026-06-03 10:02:42] NOTIFICARE [PRODUS_EXPIRAT]: Produs expirat: Manusi Chirurgicale (exp: 2023-01-01)
[2026-06-03 10:02:42] NOTIFICARE [STOC_CRITIC]: Stoc critic: Ser Fiziologic 500ml (5 unitati)
[2026-06-03 10:02:42] NOTIFICARE [PRODUS_EXPIRAT]: Produs expirat: Eprubete recoltare (exp: 2023-01-01)
[2026-06-03 10:02:42] NOTIFICARE [STOC_CRITIC]: Stoc critic: Ibuprofen 400mg (5 unitati)
[2026-06-03 10:02:42] NOTIFICARE [PRODUS_EXPIRAT]: Produs expirat: Cateter IV (exp: 2023-01-01)
[2026-06-03 10:02:42] NOTIFICARE [STOC_CRITIC]: Stoc critic: Manusi Chirurgicale (5 unitati)
[2026-06-03 10:02:42] NOTIFICARE [PRODUS_EXPIRAT]: Produs expirat: Manusi Chirurgicale (exp: 2023-01-01)
[2026-06-03 10:02:42] NOTIFICARE [STOC_CRITIC]: Stoc critic: Ser Fiziologic 500ml (5 unitati)
[2026-06-03 10:02:42] NOTIFICARE [PRODUS_EXPIRAT]: Produs expirat: Eprubete recoltare (exp: 2023-01-01)
[2026-06-03 10:02:42] NOTIFICARE [STOC_CRITIC]: Stoc critic: Ibuprofen 400mg (5 unitati)
[2026-06-03 10:02:42] NOTIFICARE [PRODUS_EXPIRAT]: Produs expirat: Cateter IV (exp: 2023-01-01)
[2026-06-03 10:02:42] NOTIFICARE [STOC_CRITIC]: Stoc critic: Manusi Chirurgicale (5 unitati)
[2026-06-03 10:02:42] NOTIFICARE [PRODUS_EXPIRAT]: Produs expirat: Manusi Chirurgicale (exp: 2023-01-01)
[2026-06-03 10:02:42] NOTIFICARE [STOC_CRITIC]: Stoc critic: Ser Fiziologic 500ml (5 unitati)
[2026-06-03 10:02:42] NOTIFICARE [PRODUS_EXPIRAT]: Produs expirat: Eprubete recoltare (exp: 2023-01-01)
[2026-06-03 10:02:42] NOTIFICARE [STOC_CRITIC]: Stoc critic: Ibuprofen 400mg (5 unitati)
[2026-06-03 10:02:42] NOTIFICARE [PRODUS_EXPIRAT]: Produs expirat: Cateter IV (exp: 2023-01-01)
[2026-06-03 10:02:42] NOTIFICARE [STOC_CRITIC]: Stoc critic: Metoprolol 50mg (5 unitati)
[2026-06-03 10:02:42] NOTIFICARE [STOC_CRITIC]: Stoc critic: Manusi Chirurgicale (5 unitati)
[2026-06-03 10:02:42] NOTIFICARE [PRODUS_EXPIRAT]: Produs expirat: Manusi Chirurgicale (exp: 2023-01-01)
[2026-06-03 10:02:42] NOTIFICARE [STOC_CRITIC]: Stoc critic: Ser Fiziologic 500ml (5 unitati)
[2026-06-03 10:02:42] NOTIFICARE [PRODUS_EXPIRAT]: Produs expirat: Eprubete recoltare (exp: 2023-01-01)
[2026-06-03 10:02:42] NOTIFICARE [STOC_CRITIC]: Stoc critic: Ibuprofen 400mg (5 unitati)
[2026-06-03 10:02:42] NOTIFICARE [PRODUS_EXPIRAT]: Produs expirat: Cateter IV (exp: 2023-01-01)
[2026-06-03 10:02:42] NOTIFICARE [STOC_CRITIC]: Stoc critic: Metoprolol 50mg (5 unitati)
[2026-06-03 10:02:42] NOTIFICARE [STOC_CRITIC]: Stoc critic: Manusi Chirurgicale (5 unitati)
[2026-06-03 10:02:42] NOTIFICARE [PRODUS_EXPIRAT]: Produs expirat: Manusi Chirurgicale (exp: 2023-01-01)
[2026-06-03 10:02:42] NOTIFICARE [STOC_CRITIC]: Stoc critic: Ser Fiziologic 500ml (5 unitati)
[2026-06-03 10:02:42] NOTIFICARE [PRODUS_EXPIRAT]: Produs expirat: Eprubete recoltare (exp: 2023-01-01)
[2026-06-03 10:02:42] NOTIFICARE [STOC_CRITIC]: Stoc critic: Ibuprofen 400mg (5 unitati)
[2026-06-03 10:02:42] NOTIFICARE [PRODUS_EXPIRAT]: Produs expirat: Cateter IV (exp: 2023-01-01)
[2026-06-03 10:02:42] NOTIFICARE [STOC_CRITIC]: Stoc critic: Metoprolol 50mg (5 unitati)
[2026-06-03 10:02:42] NOTIFICARE [STOC_CRITIC]: Stoc critic: Manusi Chirurgicale (5 unitati)
[2026-06-03 10:02:42] NOTIFICARE [PRODUS_EXPIRAT]: Produs expirat: Manusi Chirurgicale (exp: 2023-01-01)
[2026-06-03 10:02:42] NOTIFICARE [STOC_CRITIC]: Stoc critic: Ser Fiziologic 500ml (5 unitati)
[2026-06-03 10:02:42] NOTIFICARE [PRODUS_EXPIRAT]: Produs expirat: Eprubete recoltare (exp: 2023-01-01)
[2026-06-03 10:02:42] NOTIFICARE [STOC_CRITIC]: Stoc critic: Ibuprofen 400mg (5 unitati)
[2026-06-03 10:02:42] NOTIFICARE [PRODUS_EXPIRAT]: Produs expirat: Cateter IV (exp: 2023-01-01)
[2026-06-03 10:02:42] NOTIFICARE [STOC_CRITIC]: Stoc critic: Metoprolol 50mg (5 unitati)
[2026-06-03 10:02:42] NOTIFICARE [PRODUS_EXPIRAT]: Produs expirat: Diazepam fiole (exp: 2023-01-01)
[2026-06-03 10:02:42] NOTIFICARE [STOC_CRITIC]: Stoc critic: Manusi Chirurgicale (5 unitati)
[2026-06-03 10:02:42] NOTIFICARE [PRODUS_EXPIRAT]: Produs expirat: Manusi Chirurgicale (exp: 2023-01-01)
[2026-06-03 10:02:42] NOTIFICARE [STOC_CRITIC]: Stoc critic: Ser Fiziologic 500ml (5 unitati)
[2026-06-03 10:02:42] NOTIFICARE [PRODUS_EXPIRAT]: Produs expirat: Eprubete recoltare (exp: 2023-01-01)
[2026-06-03 10:02:42] NOTIFICARE [STOC_CRITIC]: Stoc critic: Ibuprofen 400mg (5 unitati)
[2026-06-03 10:02:42] NOTIFICARE [PRODUS_EXPIRAT]: Produs expirat: Cateter IV (exp: 2023-01-01)
[2026-06-03 10:02:42] NOTIFICARE [STOC_CRITIC]: Stoc critic: Metoprolol 50mg (5 unitati)
[2026-06-03 10:02:42] NOTIFICARE [PRODUS_EXPIRAT]: Produs expirat: Diazepam fiole (exp: 2023-01-01)
[2026-06-03 10:02:42] NOTIFICARE [STOC_CRITIC]: Stoc critic: Manusi Chirurgicale (5 unitati)
[2026-06-03 10:02:42] NOTIFICARE [PRODUS_EXPIRAT]: Produs expirat: Manusi Chirurgicale (exp: 2023-01-01)
[2026-06-03 10:02:42] NOTIFICARE [STOC_CRITIC]: Stoc critic: Ser Fiziologic 500ml (5 unitati)
[2026-06-03 10:02:42] NOTIFICARE [PRODUS_EXPIRAT]: Produs expirat: Eprubete recoltare (exp: 2023-01-01)
[2026-06-03 10:02:42] NOTIFICARE [STOC_CRITIC]: Stoc critic: Ibuprofen 400mg (5 unitati)
[2026-06-03 10:02:42] NOTIFICARE [PRODUS_EXPIRAT]: Produs expirat: Cateter IV (exp: 2023-01-01)
[2026-06-03 10:02:42] NOTIFICARE [STOC_CRITIC]: Stoc critic: Metoprolol 50mg (5 unitati)
[2026-06-03 10:02:42] NOTIFICARE [PRODUS_EXPIRAT]: Produs expirat: Diazepam fiole (exp: 2023-01-01)
[2026-06-03 10:02:42] NOTIFICARE [STOC_CRITIC]: Stoc critic: Aparat TA (5 unitati)
[2026-06-03 10:02:42] NOTIFICARE [STOC_CRITIC]: Stoc critic: Manusi Chirurgicale (5 unitati)
[2026-06-03 10:02:42] NOTIFICARE [PRODUS_EXPIRAT]: Produs expirat: Manusi Chirurgicale (exp: 2023-01-01)
[2026-06-03 10:02:42] NOTIFICARE [STOC_CRITIC]: Stoc critic: Ser Fiziologic 500ml (5 unitati)
[2026-06-03 10:02:42] NOTIFICARE [PRODUS_EXPIRAT]: Produs expirat: Eprubete recoltare (exp: 2023-01-01)
[2026-06-03 10:02:42] NOTIFICARE [STOC_CRITIC]: Stoc critic: Ibuprofen 400mg (5 unitati)
[2026-06-03 10:02:42] NOTIFICARE [PRODUS_EXPIRAT]: Produs expirat: Cateter IV (exp: 2023-01-01)
[2026-06-03 10:02:42] NOTIFICARE [STOC_CRITIC]: Stoc critic: Metoprolol 50mg (5 unitati)
[2026-06-03 10:02:42] NOTIFICARE [PRODUS_EXPIRAT]: Produs expirat: Diazepam fiole (exp: 2023-01-01)
[2026-06-03 10:02:42] NOTIFICARE [STOC_CRITIC]: Stoc critic: Aparat TA (5 unitati)
[2026-06-03 10:02:48] NOTIFICARE [STOC_CRITIC]: Stoc critic: Manusi Chirurgicale (5 unitati)
[2026-06-03 10:02:48] NOTIFICARE [PRODUS_EXPIRAT]: Produs expirat: Manusi Chirurgicale (exp: 2023-01-01)
[2026-06-03 10:02:48] NOTIFICARE [STOC_CRITIC]: Stoc critic: Manusi Chirurgicale (5 unitati)
[2026-06-03 10:02:48] NOTIFICARE [PRODUS_EXPIRAT]: Produs expirat: Manusi Chirurgicale (exp: 2023-01-01)
[2026-06-03 10:02:48] NOTIFICARE [STOC_CRITIC]: Stoc critic: Manusi Chirurgicale (5 unitati)
[2026-06-03 10:02:48] NOTIFICARE [PRODUS_EXPIRAT]: Produs expirat: Manusi Chirurgicale (exp: 2023-01-01)
[2026-06-03 10:02:48] NOTIFICARE [STOC_CRITIC]: Stoc critic: Manusi Chirurgicale (5 unitati)
[2026-06-03 10:02:48] NOTIFICARE [PRODUS_EXPIRAT]: Produs expirat: Manusi Chirurgicale (exp: 2023-01-01)
[2026-06-03 10:02:48] NOTIFICARE [STOC_CRITIC]: Stoc critic: Manusi Chirurgicale (5 unitati)
[2026-06-03 10:02:48] NOTIFICARE [PRODUS_EXPIRAT]: Produs expirat: Manusi Chirurgicale (exp: 2023-01-01)
[2026-06-03 10:02:48] NOTIFICARE [STOC_CRITIC]: Stoc critic: Manusi Chirurgicale (5 unitati)
[2026-06-03 10:02:48] NOTIFICARE [PRODUS_EXPIRAT]: Produs expirat: Manusi Chirurgicale (exp: 2023-01-01)
[2026-06-03 10:02:48] NOTIFICARE [STOC_CRITIC]: Stoc critic: Ser Fiziologic 500ml (5 unitati)
[2026-06-03 10:02:48] NOTIFICARE [STOC_CRITIC]: Stoc critic: Manusi Chirurgicale (5 unitati)
[2026-06-03 10:02:48] NOTIFICARE [PRODUS_EXPIRAT]: Produs expirat: Manusi Chirurgicale (exp: 2023-01-01)
[2026-06-03 10:02:48] NOTIFICARE [STOC_CRITIC]: Stoc critic: Ser Fiziologic 500ml (5 unitati)
[2026-06-03 10:02:48] NOTIFICARE [PRODUS_EXPIRAT]: Produs expirat: Eprubete recoltare (exp: 2023-01-01)
[2026-06-03 10:02:48] NOTIFICARE [STOC_CRITIC]: Stoc critic: Manusi Chirurgicale (5 unitati)
[2026-06-03 10:02:48] NOTIFICARE [PRODUS_EXPIRAT]: Produs expirat: Manusi Chirurgicale (exp: 2023-01-01)
[2026-06-03 10:02:48] NOTIFICARE [STOC_CRITIC]: Stoc critic: Ser Fiziologic 500ml (5 unitati)
[2026-06-03 10:02:48] NOTIFICARE [PRODUS_EXPIRAT]: Produs expirat: Eprubete recoltare (exp: 2023-01-01)
[2026-06-03 10:02:48] NOTIFICARE [STOC_CRITIC]: Stoc critic: Manusi Chirurgicale (5 unitati)
[2026-06-03 10:02:48] NOTIFICARE [PRODUS_EXPIRAT]: Produs expirat: Manusi Chirurgicale (exp: 2023-01-01)
[2026-06-03 10:02:48] NOTIFICARE [STOC_CRITIC]: Stoc critic: Ser Fiziologic 500ml (5 unitati)
[2026-06-03 10:02:48] NOTIFICARE [PRODUS_EXPIRAT]: Produs expirat: Eprubete recoltare (exp: 2023-01-01)
[2026-06-03 10:02:48] NOTIFICARE [STOC_CRITIC]: Stoc critic: Manusi Chirurgicale (5 unitati)
[2026-06-03 10:02:48] NOTIFICARE [PRODUS_EXPIRAT]: Produs expirat: Manusi Chirurgicale (exp: 2023-01-01)
[2026-06-03 10:02:48] NOTIFICARE [STOC_CRITIC]: Stoc critic: Ser Fiziologic 500ml (5 unitati)
[2026-06-03 10:02:48] NOTIFICARE [PRODUS_EXPIRAT]: Produs expirat: Eprubete recoltare (exp: 2023-01-01)
[2026-06-03 10:02:48] NOTIFICARE [STOC_CRITIC]: Stoc critic: Manusi Chirurgicale (5 unitati)
[2026-06-03 10:02:48] NOTIFICARE [PRODUS_EXPIRAT]: Produs expirat: Manusi Chirurgicale (exp: 2023-01-01)
[2026-06-03 10:02:48] NOTIFICARE [STOC_CRITIC]: Stoc critic: Ser Fiziologic 500ml (5 unitati)
[2026-06-03 10:02:48] NOTIFICARE [PRODUS_EXPIRAT]: Produs expirat: Eprubete recoltare (exp: 2023-01-01)
[2026-06-03 10:02:48] NOTIFICARE [STOC_CRITIC]: Stoc critic: Ibuprofen 400mg (5 unitati)
[2026-06-03 10:02:48] NOTIFICARE [STOC_CRITIC]: Stoc critic: Manusi Chirurgicale (5 unitati)
[2026-06-03 10:02:48] NOTIFICARE [PRODUS_EXPIRAT]: Produs expirat: Manusi Chirurgicale (exp: 2023-01-01)
[2026-06-03 10:02:48] NOTIFICARE [STOC_CRITIC]: Stoc critic: Ser Fiziologic 500ml (5 unitati)
[2026-06-03 10:02:48] NOTIFICARE [PRODUS_EXPIRAT]: Produs expirat: Eprubete recoltare (exp: 2023-01-01)
[2026-06-03 10:02:48] NOTIFICARE [STOC_CRITIC]: Stoc critic: Ibuprofen 400mg (5 unitati)
[2026-06-03 10:02:48] NOTIFICARE [STOC_CRITIC]: Stoc critic: Manusi Chirurgicale (5 unitati)
[2026-06-03 10:02:48] NOTIFICARE [PRODUS_EXPIRAT]: Produs expirat: Manusi Chirurgicale (exp: 2023-01-01)
[2026-06-03 10:02:48] NOTIFICARE [STOC_CRITIC]: Stoc critic: Ser Fiziologic 500ml (5 unitati)
[2026-06-03 10:02:48] NOTIFICARE [PRODUS_EXPIRAT]: Produs expirat: Eprubete recoltare (exp: 2023-01-01)
[2026-06-03 10:02:48] NOTIFICARE [STOC_CRITIC]: Stoc critic: Ibuprofen 400mg (5 unitati)
[2026-06-03 10:02:48] NOTIFICARE [PRODUS_EXPIRAT]: Produs expirat: Cateter IV (exp: 2023-01-01)
[2026-06-03 10:02:48] NOTIFICARE [STOC_CRITIC]: Stoc critic: Manusi Chirurgicale (5 unitati)
[2026-06-03 10:02:48] NOTIFICARE [PRODUS_EXPIRAT]: Produs expirat: Manusi Chirurgicale (exp: 2023-01-01)
[2026-06-03 10:02:48] NOTIFICARE [STOC_CRITIC]: Stoc critic: Ser Fiziologic 500ml (5 unitati)
[2026-06-03 10:02:48] NOTIFICARE [PRODUS_EXPIRAT]: Produs expirat: Eprubete recoltare (exp: 2023-01-01)
[2026-06-03 10:02:48] NOTIFICARE [STOC_CRITIC]: Stoc critic: Ibuprofen 400mg (5 unitati)
[2026-06-03 10:02:48] NOTIFICARE [PRODUS_EXPIRAT]: Produs expirat: Cateter IV (exp: 2023-01-01)
[2026-06-03 10:02:48] NOTIFICARE [STOC_CRITIC]: Stoc critic: Manusi Chirurgicale (5 unitati)
[2026-06-03 10:02:48] NOTIFICARE [PRODUS_EXPIRAT]: Produs expirat: Manusi Chirurgicale (exp: 2023-01-01)
[2026-06-03 10:02:48] NOTIFICARE [STOC_CRITIC]: Stoc critic: Ser Fiziologic 500ml (5 unitati)
[2026-06-03 10:02:48] NOTIFICARE [PRODUS_EXPIRAT]: Produs expirat: Eprubete recoltare (exp: 2023-01-01)
[2026-06-03 10:02:48] NOTIFICARE [STOC_CRITIC]: Stoc critic: Ibuprofen 400mg (5 unitati)
[2026-06-03 10:02:48] NOTIFICARE [PRODUS_EXPIRAT]: Produs expirat: Cateter IV (exp: 2023-01-01)
[2026-06-03 10:02:48] NOTIFICARE [STOC_CRITIC]: Stoc critic: Manusi Chirurgicale (5 unitati)
[2026-06-03 10:02:48] NOTIFICARE [PRODUS_EXPIRAT]: Produs expirat: Manusi Chirurgicale (exp: 2023-01-01)
[2026-06-03 10:02:48] NOTIFICARE [STOC_CRITIC]: Stoc critic: Ser Fiziologic 500ml (5 unitati)
[2026-06-03 10:02:48] NOTIFICARE [PRODUS_EXPIRAT]: Produs expirat: Eprubete recoltare (exp: 2023-01-01)
[2026-06-03 10:02:48] NOTIFICARE [STOC_CRITIC]: Stoc critic: Ibuprofen 400mg (5 unitati)
[2026-06-03 10:02:48] NOTIFICARE [PRODUS_EXPIRAT]: Produs expirat: Cateter IV (exp: 2023-01-01)
[2026-06-03 10:02:48] NOTIFICARE [STOC_CRITIC]: Stoc critic: Metoprolol 50mg (5 unitati)
[2026-06-03 10:02:48] NOTIFICARE [STOC_CRITIC]: Stoc critic: Manusi Chirurgicale (5 unitati)
[2026-06-03 10:02:48] NOTIFICARE [PRODUS_EXPIRAT]: Produs expirat: Manusi Chirurgicale (exp: 2023-01-01)
[2026-06-03 10:02:48] NOTIFICARE [STOC_CRITIC]: Stoc critic: Ser Fiziologic 500ml (5 unitati)
[2026-06-03 10:02:48] NOTIFICARE [PRODUS_EXPIRAT]: Produs expirat: Eprubete recoltare (exp: 2023-01-01)
[2026-06-03 10:02:48] NOTIFICARE [STOC_CRITIC]: Stoc critic: Ibuprofen 400mg (5 unitati)
[2026-06-03 10:02:48] NOTIFICARE [PRODUS_EXPIRAT]: Produs expirat: Cateter IV (exp: 2023-01-01)
[2026-06-03 10:02:48] NOTIFICARE [STOC_CRITIC]: Stoc critic: Metoprolol 50mg (5 unitati)
[2026-06-03 10:02:48] NOTIFICARE [STOC_CRITIC]: Stoc critic: Manusi Chirurgicale (5 unitati)
[2026-06-03 10:02:48] NOTIFICARE [PRODUS_EXPIRAT]: Produs expirat: Manusi Chirurgicale (exp: 2023-01-01)
[2026-06-03 10:02:48] NOTIFICARE [STOC_CRITIC]: Stoc critic: Ser Fiziologic 500ml (5 unitati)
[2026-06-03 10:02:48] NOTIFICARE [PRODUS_EXPIRAT]: Produs expirat: Eprubete recoltare (exp: 2023-01-01)
[2026-06-03 10:02:48] NOTIFICARE [STOC_CRITIC]: Stoc critic: Ibuprofen 400mg (5 unitati)
[2026-06-03 10:02:48] NOTIFICARE [PRODUS_EXPIRAT]: Produs expirat: Cateter IV (exp: 2023-01-01)
[2026-06-03 10:02:48] NOTIFICARE [STOC_CRITIC]: Stoc critic: Metoprolol 50mg (5 unitati)
[2026-06-03 10:02:48] NOTIFICARE [STOC_CRITIC]: Stoc critic: Manusi Chirurgicale (5 unitati)
[2026-06-03 10:02:48] NOTIFICARE [PRODUS_EXPIRAT]: Produs expirat: Manusi Chirurgicale (exp: 2023-01-01)
[2026-06-03 10:02:48] NOTIFICARE [STOC_CRITIC]: Stoc critic: Ser Fiziologic 500ml (5 unitati)
[2026-06-03 10:02:48] NOTIFICARE [PRODUS_EXPIRAT]: Produs expirat: Eprubete recoltare (exp: 2023-01-01)
[2026-06-03 10:02:48] NOTIFICARE [STOC_CRITIC]: Stoc critic: Ibuprofen 400mg (5 unitati)
[2026-06-03 10:02:48] NOTIFICARE [PRODUS_EXPIRAT]: Produs expirat: Cateter IV (exp: 2023-01-01)
[2026-06-03 10:02:48] NOTIFICARE [STOC_CRITIC]: Stoc critic: Metoprolol 50mg (5 unitati)
[2026-06-03 10:02:48] NOTIFICARE [PRODUS_EXPIRAT]: Produs expirat: Diazepam fiole (exp: 2023-01-01)
[2026-06-03 10:02:48] NOTIFICARE [STOC_CRITIC]: Stoc critic: Manusi Chirurgicale (5 unitati)
[2026-06-03 10:02:48] NOTIFICARE [PRODUS_EXPIRAT]: Produs expirat: Manusi Chirurgicale (exp: 2023-01-01)
[2026-06-03 10:02:48] NOTIFICARE [STOC_CRITIC]: Stoc critic: Ser Fiziologic 500ml (5 unitati)
[2026-06-03 10:02:48] NOTIFICARE [PRODUS_EXPIRAT]: Produs expirat: Eprubete recoltare (exp: 2023-01-01)
[2026-06-03 10:02:48] NOTIFICARE [STOC_CRITIC]: Stoc critic: Ibuprofen 400mg (5 unitati)
[2026-06-03 10:02:48] NOTIFICARE [PRODUS_EXPIRAT]: Produs expirat: Cateter IV (exp: 2023-01-01)
[2026-06-03 10:02:48] NOTIFICARE [STOC_CRITIC]: Stoc critic: Metoprolol 50mg (5 unitati)
[2026-06-03 10:02:48] NOTIFICARE [PRODUS_EXPIRAT]: Produs expirat: Diazepam fiole (exp: 2023-01-01)
[2026-06-03 10:02:48] NOTIFICARE [STOC_CRITIC]: Stoc critic: Manusi Chirurgicale (5 unitati)
[2026-06-03 10:02:48] NOTIFICARE [PRODUS_EXPIRAT]: Produs expirat: Manusi Chirurgicale (exp: 2023-01-01)
[2026-06-03 10:02:48] NOTIFICARE [STOC_CRITIC]: Stoc critic: Ser Fiziologic 500ml (5 unitati)
[2026-06-03 10:02:48] NOTIFICARE [PRODUS_EXPIRAT]: Produs expirat: Eprubete recoltare (exp: 2023-01-01)
[2026-06-03 10:02:48] NOTIFICARE [STOC_CRITIC]: Stoc critic: Ibuprofen 400mg (5 unitati)
[2026-06-03 10:02:48] NOTIFICARE [PRODUS_EXPIRAT]: Produs expirat: Cateter IV (exp: 2023-01-01)
[2026-06-03 10:02:48] NOTIFICARE [STOC_CRITIC]: Stoc critic: Metoprolol 50mg (5 unitati)
[2026-06-03 10:02:48] NOTIFICARE [PRODUS_EXPIRAT]: Produs expirat: Diazepam fiole (exp: 2023-01-01)
[2026-06-03 10:02:48] NOTIFICARE [STOC_CRITIC]: Stoc critic: Aparat TA (5 unitati)
[2026-06-03 10:02:48] NOTIFICARE [STOC_CRITIC]: Stoc critic: Manusi Chirurgicale (5 unitati)
[2026-06-03 10:02:48] NOTIFICARE [PRODUS_EXPIRAT]: Produs expirat: Manusi Chirurgicale (exp: 2023-01-01)
[2026-06-03 10:02:48] NOTIFICARE [STOC_CRITIC]: Stoc critic: Ser Fiziologic 500ml (5 unitati)
[2026-06-03 10:02:48] NOTIFICARE [PRODUS_EXPIRAT]: Produs expirat: Eprubete recoltare (exp: 2023-01-01)
[2026-06-03 10:02:48] NOTIFICARE [STOC_CRITIC]: Stoc critic: Ibuprofen 400mg (5 unitati)
[2026-06-03 10:02:48] NOTIFICARE [PRODUS_EXPIRAT]: Produs expirat: Cateter IV (exp: 2023-01-01)
[2026-06-03 10:02:48] NOTIFICARE [STOC_CRITIC]: Stoc critic: Metoprolol 50mg (5 unitati)
[2026-06-03 10:02:48] NOTIFICARE [PRODUS_EXPIRAT]: Produs expirat: Diazepam fiole (exp: 2023-01-01)
[2026-06-03 10:02:48] NOTIFICARE [STOC_CRITIC]: Stoc critic: Aparat TA (5 unitati)
[2026-06-03 10:15:28] NOTIFICARE [STOC_CRITIC]: Stoc critic: Manusi Chirurgicale (5 unitati)
[2026-06-03 10:15:28] NOTIFICARE [PRODUS_EXPIRAT]: Produs expirat: Manusi Chirurgicale (exp: 2023-01-01)
[2026-06-03 10:15:28] NOTIFICARE [STOC_CRITIC]: Stoc critic: Manusi Chirurgicale (5 unitati)
[2026-06-03 10:15:28] NOTIFICARE [PRODUS_EXPIRAT]: Produs expirat: Manusi Chirurgicale (exp: 2023-01-01)
[2026-06-03 10:15:28] NOTIFICARE [STOC_CRITIC]: Stoc critic: Manusi Chirurgicale (5 unitati)
[2026-06-03 10:15:28] NOTIFICARE [PRODUS_EXPIRAT]: Produs expirat: Manusi Chirurgicale (exp: 2023-01-01)
[2026-06-03 10:15:28] NOTIFICARE [STOC_CRITIC]: Stoc critic: Manusi Chirurgicale (5 unitati)
[2026-06-03 10:15:28] NOTIFICARE [PRODUS_EXPIRAT]: Produs expirat: Manusi Chirurgicale (exp: 2023-01-01)
[2026-06-03 10:15:28] NOTIFICARE [STOC_CRITIC]: Stoc critic: Manusi Chirurgicale (5 unitati)
[2026-06-03 10:15:28] NOTIFICARE [PRODUS_EXPIRAT]: Produs expirat: Manusi Chirurgicale (exp: 2023-01-01)
[2026-06-03 10:15:28] NOTIFICARE [STOC_CRITIC]: Stoc critic: Manusi Chirurgicale (5 unitati)
[2026-06-03 10:15:28] NOTIFICARE [PRODUS_EXPIRAT]: Produs expirat: Manusi Chirurgicale (exp: 2023-01-01)
[2026-06-03 10:15:28] NOTIFICARE [STOC_CRITIC]: Stoc critic: Ser Fiziologic 500ml (5 unitati)
[2026-06-03 10:15:28] NOTIFICARE [STOC_CRITIC]: Stoc critic: Manusi Chirurgicale (5 unitati)
[2026-06-03 10:15:28] NOTIFICARE [PRODUS_EXPIRAT]: Produs expirat: Manusi Chirurgicale (exp: 2023-01-01)
[2026-06-03 10:15:28] NOTIFICARE [STOC_CRITIC]: Stoc critic: Ser Fiziologic 500ml (5 unitati)
[2026-06-03 10:15:28] NOTIFICARE [PRODUS_EXPIRAT]: Produs expirat: Eprubete recoltare (exp: 2023-01-01)
[2026-06-03 10:15:28] NOTIFICARE [STOC_CRITIC]: Stoc critic: Manusi Chirurgicale (5 unitati)
[2026-06-03 10:15:28] NOTIFICARE [PRODUS_EXPIRAT]: Produs expirat: Manusi Chirurgicale (exp: 2023-01-01)
[2026-06-03 10:15:28] NOTIFICARE [STOC_CRITIC]: Stoc critic: Ser Fiziologic 500ml (5 unitati)
[2026-06-03 10:15:28] NOTIFICARE [PRODUS_EXPIRAT]: Produs expirat: Eprubete recoltare (exp: 2023-01-01)
[2026-06-03 10:15:28] NOTIFICARE [STOC_CRITIC]: Stoc critic: Manusi Chirurgicale (5 unitati)
[2026-06-03 10:15:28] NOTIFICARE [PRODUS_EXPIRAT]: Produs expirat: Manusi Chirurgicale (exp: 2023-01-01)
[2026-06-03 10:15:28] NOTIFICARE [STOC_CRITIC]: Stoc critic: Ser Fiziologic 500ml (5 unitati)
[2026-06-03 10:15:28] NOTIFICARE [PRODUS_EXPIRAT]: Produs expirat: Eprubete recoltare (exp: 2023-01-01)
[2026-06-03 10:15:28] NOTIFICARE [STOC_CRITIC]: Stoc critic: Manusi Chirurgicale (5 unitati)
[2026-06-03 10:15:28] NOTIFICARE [PRODUS_EXPIRAT]: Produs expirat: Manusi Chirurgicale (exp: 2023-01-01)
[2026-06-03 10:15:28] NOTIFICARE [STOC_CRITIC]: Stoc critic: Ser Fiziologic 500ml (5 unitati)
[2026-06-03 10:15:28] NOTIFICARE [PRODUS_EXPIRAT]: Produs expirat: Eprubete recoltare (exp: 2023-01-01)
[2026-06-03 10:15:28] NOTIFICARE [STOC_CRITIC]: Stoc critic: Manusi Chirurgicale (5 unitati)
[2026-06-03 10:15:28] NOTIFICARE [PRODUS_EXPIRAT]: Produs expirat: Manusi Chirurgicale (exp: 2023-01-01)
[2026-06-03 10:15:28] NOTIFICARE [STOC_CRITIC]: Stoc critic: Ser Fiziologic 500ml (5 unitati)
[2026-06-03 10:15:28] NOTIFICARE [PRODUS_EXPIRAT]: Produs expirat: Eprubete recoltare (exp: 2023-01-01)
[2026-06-03 10:15:28] NOTIFICARE [STOC_CRITIC]: Stoc critic: Ibuprofen 400mg (5 unitati)
[2026-06-03 10:15:28] NOTIFICARE [STOC_CRITIC]: Stoc critic: Manusi Chirurgicale (5 unitati)
[2026-06-03 10:15:28] NOTIFICARE [PRODUS_EXPIRAT]: Produs expirat: Manusi Chirurgicale (exp: 2023-01-01)
[2026-06-03 10:15:28] NOTIFICARE [STOC_CRITIC]: Stoc critic: Ser Fiziologic 500ml (5 unitati)
[2026-06-03 10:15:28] NOTIFICARE [PRODUS_EXPIRAT]: Produs expirat: Eprubete recoltare (exp: 2023-01-01)
[2026-06-03 10:15:28] NOTIFICARE [STOC_CRITIC]: Stoc critic: Ibuprofen 400mg (5 unitati)
[2026-06-03 10:15:28] NOTIFICARE [STOC_CRITIC]: Stoc critic: Manusi Chirurgicale (5 unitati)
[2026-06-03 10:15:28] NOTIFICARE [PRODUS_EXPIRAT]: Produs expirat: Manusi Chirurgicale (exp: 2023-01-01)
[2026-06-03 10:15:28] NOTIFICARE [STOC_CRITIC]: Stoc critic: Ser Fiziologic 500ml (5 unitati)
[2026-06-03 10:15:28] NOTIFICARE [PRODUS_EXPIRAT]: Produs expirat: Eprubete recoltare (exp: 2023-01-01)
[2026-06-03 10:15:28] NOTIFICARE [STOC_CRITIC]: Stoc critic: Ibuprofen 400mg (5 unitati)
[2026-06-03 10:15:28] NOTIFICARE [PRODUS_EXPIRAT]: Produs expirat: Cateter IV (exp: 2023-01-01)
[2026-06-03 10:15:28] NOTIFICARE [STOC_CRITIC]: Stoc critic: Manusi Chirurgicale (5 unitati)
[2026-06-03 10:15:28] NOTIFICARE [PRODUS_EXPIRAT]: Produs expirat: Manusi Chirurgicale (exp: 2023-01-01)
[2026-06-03 10:15:28] NOTIFICARE [STOC_CRITIC]: Stoc critic: Ser Fiziologic 500ml (5 unitati)
[2026-06-03 10:15:28] NOTIFICARE [PRODUS_EXPIRAT]: Produs expirat: Eprubete recoltare (exp: 2023-01-01)
[2026-06-03 10:15:28] NOTIFICARE [STOC_CRITIC]: Stoc critic: Ibuprofen 400mg (5 unitati)
[2026-06-03 10:15:28] NOTIFICARE [PRODUS_EXPIRAT]: Produs expirat: Cateter IV (exp: 2023-01-01)
[2026-06-03 10:15:28] NOTIFICARE [STOC_CRITIC]: Stoc critic: Manusi Chirurgicale (5 unitati)
[2026-06-03 10:15:28] NOTIFICARE [PRODUS_EXPIRAT]: Produs expirat: Manusi Chirurgicale (exp: 2023-01-01)
[2026-06-03 10:15:28] NOTIFICARE [STOC_CRITIC]: Stoc critic: Ser Fiziologic 500ml (5 unitati)
[2026-06-03 10:15:28] NOTIFICARE [PRODUS_EXPIRAT]: Produs expirat: Eprubete recoltare (exp: 2023-01-01)
[2026-06-03 10:15:28] NOTIFICARE [STOC_CRITIC]: Stoc critic: Ibuprofen 400mg (5 unitati)
[2026-06-03 10:15:28] NOTIFICARE [PRODUS_EXPIRAT]: Produs expirat: Cateter IV (exp: 2023-01-01)
[2026-06-03 10:15:28] NOTIFICARE [STOC_CRITIC]: Stoc critic: Manusi Chirurgicale (5 unitati)
[2026-06-03 10:15:28] NOTIFICARE [PRODUS_EXPIRAT]: Produs expirat: Manusi Chirurgicale (exp: 2023-01-01)
[2026-06-03 10:15:28] NOTIFICARE [STOC_CRITIC]: Stoc critic: Ser Fiziologic 500ml (5 unitati)
[2026-06-03 10:15:28] NOTIFICARE [PRODUS_EXPIRAT]: Produs expirat: Eprubete recoltare (exp: 2023-01-01)
[2026-06-03 10:15:28] NOTIFICARE [STOC_CRITIC]: Stoc critic: Ibuprofen 400mg (5 unitati)
[2026-06-03 10:15:28] NOTIFICARE [PRODUS_EXPIRAT]: Produs expirat: Cateter IV (exp: 2023-01-01)
[2026-06-03 10:15:28] NOTIFICARE [STOC_CRITIC]: Stoc critic: Metoprolol 50mg (5 unitati)
[2026-06-03 10:15:28] NOTIFICARE [STOC_CRITIC]: Stoc critic: Manusi Chirurgicale (5 unitati)
[2026-06-03 10:15:28] NOTIFICARE [PRODUS_EXPIRAT]: Produs expirat: Manusi Chirurgicale (exp: 2023-01-01)
[2026-06-03 10:15:28] NOTIFICARE [STOC_CRITIC]: Stoc critic: Ser Fiziologic 500ml (5 unitati)
[2026-06-03 10:15:28] NOTIFICARE [PRODUS_EXPIRAT]: Produs expirat: Eprubete recoltare (exp: 2023-01-01)
[2026-06-03 10:15:28] NOTIFICARE [STOC_CRITIC]: Stoc critic: Ibuprofen 400mg (5 unitati)
[2026-06-03 10:15:28] NOTIFICARE [PRODUS_EXPIRAT]: Produs expirat: Cateter IV (exp: 2023-01-01)
[2026-06-03 10:15:28] NOTIFICARE [STOC_CRITIC]: Stoc critic: Metoprolol 50mg (5 unitati)
[2026-06-03 10:15:28] NOTIFICARE [STOC_CRITIC]: Stoc critic: Manusi Chirurgicale (5 unitati)
[2026-06-03 10:15:28] NOTIFICARE [PRODUS_EXPIRAT]: Produs expirat: Manusi Chirurgicale (exp: 2023-01-01)
[2026-06-03 10:15:28] NOTIFICARE [STOC_CRITIC]: Stoc critic: Ser Fiziologic 500ml (5 unitati)
[2026-06-03 10:15:28] NOTIFICARE [PRODUS_EXPIRAT]: Produs expirat: Eprubete recoltare (exp: 2023-01-01)
[2026-06-03 10:15:28] NOTIFICARE [STOC_CRITIC]: Stoc critic: Ibuprofen 400mg (5 unitati)
[2026-06-03 10:15:28] NOTIFICARE [PRODUS_EXPIRAT]: Produs expirat: Cateter IV (exp: 2023-01-01)
[2026-06-03 10:15:28] NOTIFICARE [STOC_CRITIC]: Stoc critic: Metoprolol 50mg (5 unitati)
[2026-06-03 10:15:28] NOTIFICARE [STOC_CRITIC]: Stoc critic: Manusi Chirurgicale (5 unitati)
[2026-06-03 10:15:28] NOTIFICARE [PRODUS_EXPIRAT]: Produs expirat: Manusi Chirurgicale (exp: 2023-01-01)
[2026-06-03 10:15:28] NOTIFICARE [STOC_CRITIC]: Stoc critic: Ser Fiziologic 500ml (5 unitati)
[2026-06-03 10:15:28] NOTIFICARE [PRODUS_EXPIRAT]: Produs expirat: Eprubete recoltare (exp: 2023-01-01)
[2026-06-03 10:15:28] NOTIFICARE [STOC_CRITIC]: Stoc critic: Ibuprofen 400mg (5 unitati)
[2026-06-03 10:15:28] NOTIFICARE [PRODUS_EXPIRAT]: Produs expirat: Cateter IV (exp: 2023-01-01)
[2026-06-03 10:15:28] NOTIFICARE [STOC_CRITIC]: Stoc critic: Metoprolol 50mg (5 unitati)
[2026-06-03 10:15:28] NOTIFICARE [PRODUS_EXPIRAT]: Produs expirat: Diazepam fiole (exp: 2023-01-01)
[2026-06-03 10:15:28] NOTIFICARE [STOC_CRITIC]: Stoc critic: Manusi Chirurgicale (5 unitati)
[2026-06-03 10:15:28] NOTIFICARE [PRODUS_EXPIRAT]: Produs expirat: Manusi Chirurgicale (exp: 2023-01-01)
[2026-06-03 10:15:28] NOTIFICARE [STOC_CRITIC]: Stoc critic: Ser Fiziologic 500ml (5 unitati)
[2026-06-03 10:15:28] NOTIFICARE [PRODUS_EXPIRAT]: Produs expirat: Eprubete recoltare (exp: 2023-01-01)
[2026-06-03 10:15:28] NOTIFICARE [STOC_CRITIC]: Stoc critic: Ibuprofen 400mg (5 unitati)
[2026-06-03 10:15:28] NOTIFICARE [PRODUS_EXPIRAT]: Produs expirat: Cateter IV (exp: 2023-01-01)
[2026-06-03 10:15:28] NOTIFICARE [STOC_CRITIC]: Stoc critic: Metoprolol 50mg (5 unitati)
[2026-06-03 10:15:28] NOTIFICARE [PRODUS_EXPIRAT]: Produs expirat: Diazepam fiole (exp: 2023-01-01)
[2026-06-03 10:15:28] NOTIFICARE [STOC_CRITIC]: Stoc critic: Manusi Chirurgicale (5 unitati)
[2026-06-03 10:15:28] NOTIFICARE [PRODUS_EXPIRAT]: Produs expirat: Manusi Chirurgicale (exp: 2023-01-01)
[2026-06-03 10:15:28] NOTIFICARE [STOC_CRITIC]: Stoc critic: Ser Fiziologic 500ml (5 unitati)
[2026-06-03 10:15:28] NOTIFICARE [PRODUS_EXPIRAT]: Produs expirat: Eprubete recoltare (exp: 2023-01-01)
[2026-06-03 10:15:28] NOTIFICARE [STOC_CRITIC]: Stoc critic: Ibuprofen 400mg (5 unitati)
[2026-06-03 10:15:28] NOTIFICARE [PRODUS_EXPIRAT]: Produs expirat: Cateter IV (exp: 2023-01-01)
[2026-06-03 10:15:28] NOTIFICARE [STOC_CRITIC]: Stoc critic: Metoprolol 50mg (5 unitati)
[2026-06-03 10:15:28] NOTIFICARE [PRODUS_EXPIRAT]: Produs expirat: Diazepam fiole (exp: 2023-01-01)
[2026-06-03 10:15:28] NOTIFICARE [STOC_CRITIC]: Stoc critic: Aparat TA (5 unitati)
[2026-06-03 10:15:28] NOTIFICARE [STOC_CRITIC]: Stoc critic: Manusi Chirurgicale (5 unitati)
[2026-06-03 10:15:28] NOTIFICARE [PRODUS_EXPIRAT]: Produs expirat: Manusi Chirurgicale (exp: 2023-01-01)
[2026-06-03 10:15:28] NOTIFICARE [STOC_CRITIC]: Stoc critic: Ser Fiziologic 500ml (5 unitati)
[2026-06-03 10:15:28] NOTIFICARE [PRODUS_EXPIRAT]: Produs expirat: Eprubete recoltare (exp: 2023-01-01)
[2026-06-03 10:15:28] NOTIFICARE [STOC_CRITIC]: Stoc critic: Ibuprofen 400mg (5 unitati)
[2026-06-03 10:15:28] NOTIFICARE [PRODUS_EXPIRAT]: Produs expirat: Cateter IV (exp: 2023-01-01)
[2026-06-03 10:15:28] NOTIFICARE [STOC_CRITIC]: Stoc critic: Metoprolol 50mg (5 unitati)
[2026-06-03 10:15:28] NOTIFICARE [PRODUS_EXPIRAT]: Produs expirat: Diazepam fiole (exp: 2023-01-01)
[2026-06-03 10:15:28] NOTIFICARE [STOC_CRITIC]: Stoc critic: Aparat TA (5 unitati)
[2026-06-03 10:31:53] NOTIFICARE [STOC_CRITIC]: Stoc critic: Manusi Chirurgicale (5 unitati)
[2026-06-03 10:31:53] NOTIFICARE [PRODUS_EXPIRAT]: Produs expirat: Manusi Chirurgicale (exp: 2023-01-01)
[2026-06-03 10:31:53] NOTIFICARE [STOC_CRITIC]: Stoc critic: Ser Fiziologic 500ml (5 unitati)
[2026-06-03 10:31:53] NOTIFICARE [PRODUS_EXPIRAT]: Produs expirat: Eprubete recoltare (exp: 2023-01-01)
[2026-06-03 10:31:53] NOTIFICARE [STOC_CRITIC]: Stoc critic: Ibuprofen 400mg (5 unitati)
[2026-06-03 10:31:53] NOTIFICARE [PRODUS_EXPIRAT]: Produs expirat: Cateter IV (exp: 2023-01-01)
[2026-06-03 10:31:53] NOTIFICARE [STOC_CRITIC]: Stoc critic: Metoprolol 50mg (5 unitati)
[2026-06-03 10:31:53] NOTIFICARE [PRODUS_EXPIRAT]: Produs expirat: Diazepam fiole (exp: 2023-01-01)
[2026-06-03 10:31:53] NOTIFICARE [STOC_CRITIC]: Stoc critic: Aparat TA (5 unitati)
[2026-06-03 11:35:33] NOTIFICARE [STOC_CRITIC]: Stoc critic: Manusi Chirurgicale (5 unitati)
[2026-06-03 11:35:33] NOTIFICARE [PRODUS_EXPIRAT]: Produs expirat: Manusi Chirurgicale (exp: 2023-01-01)
[2026-06-03 11:35:33] NOTIFICARE [STOC_CRITIC]: Stoc critic: Ser Fiziologic 500ml (5 unitati)
[2026-06-03 11:35:33] NOTIFICARE [PRODUS_EXPIRAT]: Produs expirat: Eprubete recoltare (exp: 2023-01-01)
[2026-06-03 11:35:33] NOTIFICARE [STOC_CRITIC]: Stoc critic: Ibuprofen 400mg (5 unitati)
[2026-06-03 11:35:33] NOTIFICARE [PRODUS_EXPIRAT]: Produs expirat: Cateter IV (exp: 2023-01-01)
[2026-06-03 11:35:33] NOTIFICARE [STOC_CRITIC]: Stoc critic: Metoprolol 50mg (5 unitati)
[2026-06-03 11:35:33] NOTIFICARE [PRODUS_EXPIRAT]: Produs expirat: Diazepam fiole (exp: 2023-01-01)
[2026-06-03 11:35:33] NOTIFICARE [STOC_CRITIC]: Stoc critic: Aparat TA (5 unitati)
[2026-06-03 11:59:33] NOTIFICARE [STOC_CRITIC]: Stoc critic: Manusi Chirurgicale (5 unitati)
[2026-06-03 11:59:33] NOTIFICARE [PRODUS_EXPIRAT]: Produs expirat: Manusi Chirurgicale (exp: 2023-01-01)
[2026-06-03 11:59:33] NOTIFICARE [STOC_CRITIC]: Stoc critic: Ser Fiziologic 500ml (5 unitati)
[2026-06-03 11:59:33] NOTIFICARE [PRODUS_EXPIRAT]: Produs expirat: Eprubete recoltare (exp: 2023-01-01)
[2026-06-03 11:59:33] NOTIFICARE [STOC_CRITIC]: Stoc critic: Ibuprofen 400mg (5 unitati)
[2026-06-03 11:59:33] NOTIFICARE [PRODUS_EXPIRAT]: Produs expirat: Cateter IV (exp: 2023-01-01)
[2026-06-03 11:59:33] NOTIFICARE [STOC_CRITIC]: Stoc critic: Metoprolol 50mg (5 unitati)
[2026-06-03 11:59:33] NOTIFICARE [PRODUS_EXPIRAT]: Produs expirat: Diazepam fiole (exp: 2023-01-01)
[2026-06-03 11:59:33] NOTIFICARE [STOC_CRITIC]: Stoc critic: Aparat TA (5 unitati)
[2026-06-03 12:03:43] NOTIFICARE [STOC_CRITIC]: Stoc critic: Manusi Chirurgicale (5 unitati)
[2026-06-03 12:03:43] NOTIFICARE [PRODUS_EXPIRAT]: Produs expirat: Manusi Chirurgicale (exp: 2023-01-01)
[2026-06-03 12:03:43] NOTIFICARE [STOC_CRITIC]: Stoc critic: Ser Fiziologic 500ml (5 unitati)
[2026-06-03 12:03:43] NOTIFICARE [PRODUS_EXPIRAT]: Produs expirat: Eprubete recoltare (exp: 2023-01-01)
[2026-06-03 12:03:43] NOTIFICARE [STOC_CRITIC]: Stoc critic: Ibuprofen 400mg (5 unitati)
[2026-06-03 12:03:43] NOTIFICARE [PRODUS_EXPIRAT]: Produs expirat: Cateter IV (exp: 2023-01-01)
[2026-06-03 12:03:43] NOTIFICARE [STOC_CRITIC]: Stoc critic: Metoprolol 50mg (5 unitati)
[2026-06-03 12:03:43] NOTIFICARE [PRODUS_EXPIRAT]: Produs expirat: Diazepam fiole (exp: 2023-01-01)
[2026-06-03 12:03:43] NOTIFICARE [STOC_CRITIC]: Stoc critic: Aparat TA (5 unitati)
[2026-06-03 12:04:24] NOTIFICARE [STOC_CRITIC]: Stoc critic: Manusi Chirurgicale (5 unitati)
[2026-06-03 12:04:24] NOTIFICARE [PRODUS_EXPIRAT]: Produs expirat: Manusi Chirurgicale (exp: 2023-01-01)
[2026-06-03 12:04:24] NOTIFICARE [STOC_CRITIC]: Stoc critic: Ser Fiziologic 500ml (5 unitati)
[2026-06-03 12:04:24] NOTIFICARE [PRODUS_EXPIRAT]: Produs expirat: Eprubete recoltare (exp: 2023-01-01)
[2026-06-03 12:04:24] NOTIFICARE [STOC_CRITIC]: Stoc critic: Ibuprofen 400mg (5 unitati)
[2026-06-03 12:04:24] NOTIFICARE [PRODUS_EXPIRAT]: Produs expirat: Cateter IV (exp: 2023-01-01)
[2026-06-03 12:04:24] NOTIFICARE [STOC_CRITIC]: Stoc critic: Metoprolol 50mg (5 unitati)
[2026-06-03 12:04:24] NOTIFICARE [PRODUS_EXPIRAT]: Produs expirat: Diazepam fiole (exp: 2023-01-01)
[2026-06-03 12:04:24] NOTIFICARE [STOC_CRITIC]: Stoc critic: Aparat TA (5 unitati)
[2026-06-03 12:32:22] NOTIFICARE [STOC_CRITIC]: Stoc critic: Manusi Chirurgicale (5 unitati)
[2026-06-03 12:32:22] NOTIFICARE [PRODUS_EXPIRAT]: Produs expirat: Manusi Chirurgicale (exp: 2023-01-01)
[2026-06-03 12:32:22] NOTIFICARE [STOC_CRITIC]: Stoc critic: Ser Fiziologic 500ml (5 unitati)
[2026-06-03 12:32:22] NOTIFICARE [PRODUS_EXPIRAT]: Produs expirat: Eprubete recoltare (exp: 2023-01-01)
[2026-06-03 12:32:22] NOTIFICARE [STOC_CRITIC]: Stoc critic: Ibuprofen 400mg (5 unitati)
[2026-06-03 12:32:22] NOTIFICARE [PRODUS_EXPIRAT]: Produs expirat: Cateter IV (exp: 2023-01-01)
[2026-06-03 12:32:22] NOTIFICARE [STOC_CRITIC]: Stoc critic: Metoprolol 50mg (5 unitati)
[2026-06-03 12:32:22] NOTIFICARE [PRODUS_EXPIRAT]: Produs expirat: Diazepam fiole (exp: 2023-01-01)
[2026-06-03 12:32:22] NOTIFICARE [STOC_CRITIC]: Stoc critic: Aparat TA (5 unitati)
[2026-06-03 12:56:26] NOTIFICARE [STOC_CRITIC]: Stoc critic: Manusi Chirurgicale (5 unitati)
[2026-06-03 12:56:26] NOTIFICARE [PRODUS_EXPIRAT]: Produs expirat: Manusi Chirurgicale (exp: 2023-01-01)
[2026-06-03 12:56:26] NOTIFICARE [STOC_CRITIC]: Stoc critic: Ser Fiziologic 500ml (5 unitati)
[2026-06-03 12:56:26] NOTIFICARE [PRODUS_EXPIRAT]: Produs expirat: Eprubete recoltare (exp: 2023-01-01)
[2026-06-03 12:56:26] NOTIFICARE [STOC_CRITIC]: Stoc critic: Ibuprofen 400mg (5 unitati)
[2026-06-03 12:56:26] NOTIFICARE [PRODUS_EXPIRAT]: Produs expirat: Cateter IV (exp: 2023-01-01)
[2026-06-03 12:56:26] NOTIFICARE [STOC_CRITIC]: Stoc critic: Metoprolol 50mg (5 unitati)
[2026-06-03 12:56:26] NOTIFICARE [PRODUS_EXPIRAT]: Produs expirat: Diazepam fiole (exp: 2023-01-01)
[2026-06-03 12:56:26] NOTIFICARE [STOC_CRITIC]: Stoc critic: Aparat TA (5 unitati)
[2026-06-03 12:56:37] NOTIFICARE [STOC_CRITIC]: Stoc critic: Manusi Chirurgicale (5 unitati)
[2026-06-03 12:56:37] NOTIFICARE [PRODUS_EXPIRAT]: Produs expirat: Manusi Chirurgicale (exp: 2023-01-01)
[2026-06-03 12:56:37] NOTIFICARE [STOC_CRITIC]: Stoc critic: Ser Fiziologic 500ml (5 unitati)
[2026-06-03 12:56:37] NOTIFICARE [PRODUS_EXPIRAT]: Produs expirat: Eprubete recoltare (exp: 2023-01-01)
[2026-06-03 12:56:37] NOTIFICARE [STOC_CRITIC]: Stoc critic: Ibuprofen 400mg (5 unitati)
[2026-06-03 12:56:37] NOTIFICARE [PRODUS_EXPIRAT]: Produs expirat: Cateter IV (exp: 2023-01-01)
[2026-06-03 12:56:37] NOTIFICARE [STOC_CRITIC]: Stoc critic: Metoprolol 50mg (5 unitati)
[2026-06-03 12:56:37] NOTIFICARE [PRODUS_EXPIRAT]: Produs expirat: Diazepam fiole (exp: 2023-01-01)
[2026-06-03 12:56:37] NOTIFICARE [STOC_CRITIC]: Stoc critic: Aparat TA (5 unitati)
