[2026-05-06 17:01:20] [SYSTEM] [ADAUGARE_MEDIC: MED1]
[2026-05-06 17:01:20] [SYSTEM] [ADAUGARE_MEDIC: MED2]
[2026-05-06 17:01:20] [SYSTEM] [ADAUGARE_ASISTENT: ASI1]
[2026-05-06 17:01:20] [SYSTEM] [ADAUGARE_PACIENT: PAC1]
[2026-05-06 17:01:33] [admin] [LOGIN_SUCCES (rol: ADMIN)]
[2026-05-06 17:01:33] [admin] [LOGOUT]
[2026-05-06 17:01:41] [dr.popescu] [LOGIN_SUCCES (rol: MEDIC)]
[2026-05-06 17:01:41] [dr.popescu] [LOGOUT]
[2026-05-06 17:01:51] [asist.ion] [LOGIN_SUCCES (rol: ASISTENT)]
[2026-05-06 17:01:51] [asist.ion] [LOGOUT]
[2026-05-06 17:01:51] [receptie] [LOGIN_SUCCES (rol: RECEPTIE)]
[2026-05-06 17:01:51] [receptie] [LOGOUT]
[2026-05-06 17:31:41] [admin] [LOGIN_SUCCES (rol: ADMIN)]
[2026-05-06 17:31:41] [admin] [LOGOUT]
[2026-06-03 09:02:17] [admin] [LOGIN_SUCCES (rol: ADMIN)]
[2026-06-03 09:05:42] [admin] [LOGOUT]
[2026-06-03 09:05:50] [dr.popescu] [LOGIN_SUCCES (rol: MEDIC)]
[2026-06-03 09:15:16] [dr.popescu] [LOGIN_SUCCES (rol: MEDIC)]
[2026-06-03 09:18:36] [dr.popescu] [LOGOUT]
[2026-06-03 09:18:43] [admin] [LOGIN_SUCCES (rol: ADMIN)]
[2026-06-03 09:43:43] [SYSTEM] [ADAUGARE_MEDIC: MED_1000]
[2026-06-03 09:43:43] [SYSTEM] [ADAUGARE_USER: dr.1]
[2026-06-03 09:43:49] [SYSTEM] [ADAUGARE_MEDIC: MED_1000]
[2026-06-03 10:02:06] [SYSTEM] [ADAUGARE_MEDIC: MED_1000]
[2026-06-03 10:02:06] [SYSTEM] [ADAUGARE_USER: dr.1]
[2026-06-03 10:02:06] [SYSTEM] [ADAUGARE_MEDIC: MED_1001]
[2026-06-03 10:02:06] [SYSTEM] [ADAUGARE_USER: dr.2]
[2026-06-03 10:02:06] [SYSTEM] [ADAUGARE_MEDIC: MED_1002]
[2026-06-03 10:02:06] [SYSTEM] [ADAUGARE_USER: dr.3]
[2026-06-03 10:02:06] [SYSTEM] [ADAUGARE_MEDIC: MED_1003]
[2026-06-03 10:02:06] [SYSTEM] [ADAUGARE_USER: dr.4]
[2026-06-03 10:02:06] [SYSTEM] [ADAUGARE_MEDIC: MED_1004]
[2026-06-03 10:02:06] [SYSTEM] [ADAUGARE_USER: dr.5]
[2026-06-03 10:02:06] [SYSTEM] [ADAUGARE_MEDIC: MED_1005]
[2026-06-03 10:02:06] [SYSTEM] [ADAUGARE_USER: dr.6]
[2026-06-03 10:02:06] [SYSTEM] [ADAUGARE_MEDIC: MED_1006]
[2026-06-03 10:02:06] [SYSTEM] [ADAUGARE_USER: dr.7]
[2026-06-03 10:02:06] [SYSTEM] [ADAUGARE_MEDIC: MED_1007]
[2026-06-03 10:02:06] [SYSTEM] [ADAUGARE_USER: dr.8]
[2026-06-03 10:02:06] [SYSTEM] [ADAUGARE_MEDIC: MED_1008]
[2026-06-03 10:02:06] [SYSTEM] [ADAUGARE_USER: dr.9]
[2026-06-03 10:02:06] [SYSTEM] [ADAUGARE_MEDIC: MED_1009]
[2026-06-03 10:02:06] [SYSTEM] [ADAUGARE_USER: dr.10]
[2026-06-03 10:02:06] [SYSTEM] [ADAUGARE_MEDIC: MED_1010]
[2026-06-03 10:02:06] [SYSTEM] [ADAUGARE_USER: dr.11]
[2026-06-03 10:02:06] [SYSTEM] [ADAUGARE_MEDIC: MED_1011]
[2026-06-03 10:02:06] [SYSTEM] [ADAUGARE_USER: dr.12]
[2026-06-03 10:02:06] [SYSTEM] [ADAUGARE_MEDIC: MED_1012]
[2026-06-03 10:02:06] [SYSTEM] [ADAUGARE_USER: dr.13]
[2026-06-03 10:02:06] [SYSTEM] [ADAUGARE_MEDIC: MED_1013]
[2026-06-03 10:02:06] [SYSTEM] [ADAUGARE_USER: dr.14]
[2026-06-03 10:02:06] [SYSTEM] [ADAUGARE_MEDIC: MED_1014]
[2026-06-03 10:02:06] [SYSTEM] [ADAUGARE_USER: dr.15]
[2026-06-03 10:02:06] [SYSTEM] [ADAUGARE_MEDIC: MED_1015]
[2026-06-03 10:02:06] [SYSTEM] [ADAUGARE_USER: dr.16]
[2026-06-03 10:02:06] [SYSTEM] [ADAUGARE_MEDIC: MED_1016]
[2026-06-03 10:02:06] [SYSTEM] [ADAUGARE_USER: dr.17]
[2026-06-03 10:02:06] [SYSTEM] [ADAUGARE_MEDIC: MED_1017]
[2026-06-03 10:02:06] [SYSTEM] [ADAUGARE_USER: dr.18]
[2026-06-03 10:02:06] [SYSTEM] [ADAUGARE_MEDIC: MED_1018]
[2026-06-03 10:02:06] [SYSTEM] [ADAUGARE_USER: dr.19]
[2026-06-03 10:02:06] [SYSTEM] [ADAUGARE_MEDIC: MED_1019]
[2026-06-03 10:02:06] [SYSTEM] [ADAUGARE_USER: dr.20]
[2026-06-03 10:02:06] [SYSTEM] [ADAUGARE_MEDIC: MED_1020]
[2026-06-03 10:02:06] [SYSTEM] [ADAUGARE_USER: dr.21]
[2026-06-03 10:02:06] [SYSTEM] [ADAUGARE_MEDIC: MED_1021]
[2026-06-03 10:02:06] [SYSTEM] [ADAUGARE_USER: dr.22]
[2026-06-03 10:02:06] [SYSTEM] [ADAUGARE_ASISTENT: ASI_1000]
[2026-06-03 10:02:06] [SYSTEM] [ADAUGARE_USER: asist.1]
[2026-06-03 10:02:06] [SYSTEM] [ADAUGARE_ASISTENT: ASI_1001]
[2026-06-03 10:02:06] [SYSTEM] [ADAUGARE_USER: asist.2]
[2026-06-03 10:02:06] [SYSTEM] [ADAUGARE_ASISTENT: ASI_1002]
[2026-06-03 10:02:06] [SYSTEM] [ADAUGARE_USER: asist.3]
[2026-06-03 10:02:06] [SYSTEM] [ADAUGARE_ASISTENT: ASI_1003]
[2026-06-03 10:02:06] [SYSTEM] [ADAUGARE_USER: asist.4]
[2026-06-03 10:02:06] [SYSTEM] [ADAUGARE_ASISTENT: ASI_1004]
[2026-06-03 10:02:06] [SYSTEM] [ADAUGARE_USER: asist.5]
[2026-06-03 10:02:06] [SYSTEM] [ADAUGARE_ASISTENT: ASI_1005]
[2026-06-03 10:02:06] [SYSTEM] [ADAUGARE_USER: asist.6]
[2026-06-03 10:02:06] [SYSTEM] [ADAUGARE_ASISTENT: ASI_1006]
[2026-06-03 10:02:06] [SYSTEM] [ADAUGARE_USER: asist.7]
[2026-06-03 10:02:06] [SYSTEM] [ADAUGARE_ASISTENT: ASI_1007]
[2026-06-03 10:02:06] [SYSTEM] [ADAUGARE_USER: asist.8]
[2026-06-03 10:02:06] [SYSTEM] [ADAUGARE_ASISTENT: ASI_1008]
[2026-06-03 10:02:06] [SYSTEM] [ADAUGARE_USER: asist.9]
[2026-06-03 10:02:06] [SYSTEM] [ADAUGARE_ASISTENT: ASI_1009]
[2026-06-03 10:02:06] [SYSTEM] [ADAUGARE_USER: asist.10]
[2026-06-03 10:02:06] [SYSTEM] [ADAUGARE_ASISTENT: ASI_1010]
[2026-06-03 10:02:06] [SYSTEM] [ADAUGARE_USER: asist.11]
[2026-06-03 10:02:06] [SYSTEM] [ADAUGARE_ASISTENT: ASI_1011]
[2026-06-03 10:02:06] [SYSTEM] [ADAUGARE_USER: asist.12]
[2026-06-03 10:02:06] [SYSTEM] [ADAUGARE_ASISTENT: ASI_1012]
[2026-06-03 10:02:06] [SYSTEM] [ADAUGARE_USER: asist.13]
[2026-06-03 10:02:06] [SYSTEM] [ADAUGARE_ASISTENT: ASI_1013]
[2026-06-03 10:02:06] [SYSTEM] [ADAUGARE_USER: asist.14]
[2026-06-03 10:02:06] [SYSTEM] [ADAUGARE_ASISTENT: ASI_1014]
[2026-06-03 10:02:06] [SYSTEM] [ADAUGARE_USER: asist.15]
[2026-06-03 10:02:06] [SYSTEM] [ADAUGARE_ASISTENT: ASI_1015]
[2026-06-03 10:02:06] [SYSTEM] [ADAUGARE_USER: asist.16]
[2026-06-03 10:02:06] [SYSTEM] [ADAUGARE_ASISTENT: ASI_1016]
[2026-06-03 10:02:06] [SYSTEM] [ADAUGARE_USER: asist.17]
[2026-06-03 10:02:06] [SYSTEM] [ADAUGARE_ASISTENT: ASI_1017]
[2026-06-03 10:02:06] [SYSTEM] [ADAUGARE_USER: asist.18]
[2026-06-03 10:02:06] [SYSTEM] [ADAUGARE_ASISTENT: ASI_1018]
[2026-06-03 10:02:06] [SYSTEM] [ADAUGARE_USER: asist.19]
[2026-06-03 10:02:06] [SYSTEM] [ADAUGARE_ASISTENT: ASI_1019]
[2026-06-03 10:02:06] [SYSTEM] [ADAUGARE_USER: asist.20]
[2026-06-03 10:02:06] [SYSTEM] [ADAUGARE_ASISTENT: ASI_1020]
[2026-06-03 10:02:06] [SYSTEM] [ADAUGARE_USER: asist.21]
[2026-06-03 10:02:06] [SYSTEM] [ADAUGARE_ASISTENT: ASI_1021]
[2026-06-03 10:02:06] [SYSTEM] [ADAUGARE_USER: asist.22]
[2026-06-03 10:02:06] [SYSTEM] [ADAUGARE_USER: receptie1]
[2026-06-03 10:02:06] [SYSTEM] [ADAUGARE_USER: receptie2]
[2026-06-03 10:02:06] [SYSTEM] [ADAUGARE_USER: receptie3]
[2026-06-03 10:02:06] [SYSTEM] [ADAUGARE_USER: receptie4]
[2026-06-03 10:02:06] [SYSTEM] [ADAUGARE_USER: receptie5]
[2026-06-03 10:02:06] [SYSTEM] [ADAUGARE_PACIENT: PAC_1000]
[2026-06-03 10:02:06] [SYSTEM] [ADAUGARE_PACIENT: PAC_1001]
[2026-06-03 10:02:06] [SYSTEM] [ADAUGARE_PACIENT: PAC_1002]
[2026-06-03 10:02:06] [SYSTEM] [ADAUGARE_PACIENT: PAC_1003]
[2026-06-03 10:02:06] [SYSTEM] [ADAUGARE_PACIENT: PAC_1004]
[2026-06-03 10:02:06] [SYSTEM] [ADAUGARE_PACIENT: PAC_1005]
[2026-06-03 10:02:06] [SYSTEM] [ADAUGARE_PACIENT: PAC_1006]
[2026-06-03 10:02:06] [SYSTEM] [ADAUGARE_PACIENT: PAC_1007]
[2026-06-03 10:02:06] [SYSTEM] [ADAUGARE_PACIENT: PAC_1008]
[2026-06-03 10:02:06] [SYSTEM] [ADAUGARE_PACIENT: PAC_1009]
[2026-06-03 10:02:06] [SYSTEM] [ADAUGARE_PACIENT: PAC_1010]
[2026-06-03 10:02:06] [SYSTEM] [ADAUGARE_PACIENT: PAC_1011]
[2026-06-03 10:02:06] [SYSTEM] [ADAUGARE_PACIENT: PAC_1012]
[2026-06-03 10:02:06] [SYSTEM] [ADAUGARE_PACIENT: PAC_1013]
[2026-06-03 10:02:06] [SYSTEM] [ADAUGARE_PACIENT: PAC_1014]
[2026-06-03 10:02:06] [SYSTEM] [ADAUGARE_PACIENT: PAC_1015]
[2026-06-03 10:02:06] [SYSTEM] [ADAUGARE_PACIENT: PAC_1016]
[2026-06-03 10:02:06] [SYSTEM] [ADAUGARE_PACIENT: PAC_1017]
[2026-06-03 10:02:06] [SYSTEM] [ADAUGARE_PACIENT: PAC_1018]
[2026-06-03 10:02:06] [SYSTEM] [ADAUGARE_PACIENT: PAC_1019]
[2026-06-03 10:02:06] [SYSTEM] [ADAUGARE_PACIENT: PAC_1020]
[2026-06-03 10:02:06] [SYSTEM] [ADAUGARE_PACIENT: PAC_1021]
[2026-06-03 10:02:06] [SYSTEM] [ADAUGARE_PACIENT: PAC_1022]
[2026-06-03 10:02:06] [SYSTEM] [ADAUGARE_PACIENT: PAC_1023]
[2026-06-03 10:02:06] [SYSTEM] [ADAUGARE_PACIENT: PAC_1024]
[2026-06-03 10:02:06] [SYSTEM] [PROGRAMARE_NOUA: PRG_2000]
[2026-06-03 10:02:06] [SYSTEM] [CONSULTATIE_ADAUGARE: CONS_3000]
[2026-06-03 10:02:06] [SYSTEM] [INTERNARE_REALIZATA: INT1]
[2026-06-03 10:02:06] [SYSTEM] [PROGRAMARE_NOUA: PRG_2001]
[2026-06-03 10:02:06] [SYSTEM] [CONSULTATIE_ADAUGARE: CONS_3001]
[2026-06-03 10:02:06] [SYSTEM] [INTERNARE_REALIZATA: INT2]
[2026-06-03 10:02:06] [SYSTEM] [PROGRAMARE_NOUA: PRG_2002]
[2026-06-03 10:02:06] [SYSTEM] [CONSULTATIE_ADAUGARE: CONS_3002]
[2026-06-03 10:02:06] [SYSTEM] [INTERNARE_REALIZATA: INT3]
[2026-06-03 10:02:06] [SYSTEM] [PROGRAMARE_NOUA: PRG_2003]
[2026-06-03 10:02:06] [SYSTEM] [CONSULTATIE_ADAUGARE: CONS_3003]
[2026-06-03 10:02:06] [SYSTEM] [INTERNARE_REALIZATA: INT4]
[2026-06-03 10:02:06] [SYSTEM] [PROGRAMARE_NOUA: PRG_2004]
[2026-06-03 10:02:06] [SYSTEM] [CONSULTATIE_ADAUGARE: CONS_3004]
[2026-06-03 10:02:06] [SYSTEM] [INTERNARE_REALIZATA: INT5]
[2026-06-03 10:02:06] [SYSTEM] [PROGRAMARE_NOUA: PRG_2005]
[2026-06-03 10:02:06] [SYSTEM] [CONSULTATIE_ADAUGARE: CONS_3005]
[2026-06-03 10:02:06] [SYSTEM] [INTERNARE_REALIZATA: INT6]
[2026-06-03 10:02:06] [SYSTEM] [PROGRAMARE_NOUA: PRG_2006]
[2026-06-03 10:02:06] [SYSTEM] [CONSULTATIE_ADAUGARE: CONS_3006]
[2026-06-03 10:02:06] [SYSTEM] [INTERNARE_REALIZATA: INT7]
[2026-06-03 10:02:06] [SYSTEM] [PROGRAMARE_NOUA: PRG_2007]
[2026-06-03 10:02:06] [SYSTEM] [CONSULTATIE_ADAUGARE: CONS_3007]
[2026-06-03 10:02:06] [SYSTEM] [INTERNARE_REALIZATA: INT8]
[2026-06-03 10:02:06] [SYSTEM] [PROGRAMARE_NOUA: PRG_2008]
[2026-06-03 10:02:06] [SYSTEM] [CONSULTATIE_ADAUGARE: CONS_3008]
[2026-06-03 10:02:06] [SYSTEM] [INTERNARE_REALIZATA: INT9]
[2026-06-03 10:02:06] [SYSTEM] [PROGRAMARE_NOUA: PRG_2009]
[2026-06-03 10:02:06] [SYSTEM] [CONSULTATIE_ADAUGARE: CONS_3009]
[2026-06-03 10:02:06] [SYSTEM] [INTERNARE_REALIZATA: INT10]
[2026-06-03 10:02:06] [SYSTEM] [PROGRAMARE_NOUA: PRG_2010]
[2026-06-03 10:02:06] [SYSTEM] [CONSULTATIE_ADAUGARE: CONS_3010]
[2026-06-03 10:02:06] [SYSTEM] [PROGRAMARE_NOUA: PRG_2011]
[2026-06-03 10:02:06] [SYSTEM] [CONSULTATIE_ADAUGARE: CONS_3011]
[2026-06-03 10:02:06] [SYSTEM] [PROGRAMARE_NOUA: PRG_2012]
[2026-06-03 10:02:06] [SYSTEM] [CONSULTATIE_ADAUGARE: CONS_3012]
[2026-06-03 10:02:06] [SYSTEM] [PROGRAMARE_NOUA: PRG_2013]
[2026-06-03 10:02:06] [SYSTEM] [CONSULTATIE_ADAUGARE: CONS_3013]
[2026-06-03 10:02:06] [SYSTEM] [PROGRAMARE_NOUA: PRG_2014]
[2026-06-03 10:02:06] [SYSTEM] [CONSULTATIE_ADAUGARE: CONS_3014]
[2026-06-03 10:02:06] [SYSTEM] [PROGRAMARE_NOUA: PRG_2015]
[2026-06-03 10:02:06] [SYSTEM] [CONSULTATIE_ADAUGARE: CONS_3015]
[2026-06-03 10:02:06] [SYSTEM] [PROGRAMARE_NOUA: PRG_2016]
[2026-06-03 10:02:06] [SYSTEM] [CONSULTATIE_ADAUGARE: CONS_3016]
[2026-06-03 10:02:06] [SYSTEM] [PROGRAMARE_NOUA: PRG_2017]
[2026-06-03 10:02:06] [SYSTEM] [CONSULTATIE_ADAUGARE: CONS_3017]
[2026-06-03 10:02:06] [SYSTEM] [PROGRAMARE_NOUA: PRG_2018]
[2026-06-03 10:02:06] [SYSTEM] [CONSULTATIE_ADAUGARE: CONS_3018]
[2026-06-03 10:02:06] [SYSTEM] [PROGRAMARE_NOUA: PRG_2019]
[2026-06-03 10:02:06] [SYSTEM] [CONSULTATIE_ADAUGARE: CONS_3019]
[2026-06-03 10:02:06] [SYSTEM] [PROGRAMARE_NOUA: PRG_2020]
[2026-06-03 10:02:06] [SYSTEM] [CONSULTATIE_ADAUGARE: CONS_3020]
[2026-06-03 10:02:06] [SYSTEM] [PROGRAMARE_NOUA: PRG_2021]
[2026-06-03 10:02:06] [SYSTEM] [CONSULTATIE_ADAUGARE: CONS_3021]
[2026-06-03 10:02:06] [SYSTEM] [PROGRAMARE_NOUA: PRG_2022]
[2026-06-03 10:02:06] [SYSTEM] [CONSULTATIE_ADAUGARE: CONS_3022]
[2026-06-03 10:02:06] [SYSTEM] [PROGRAMARE_NOUA: PRG_2023]
[2026-06-03 10:02:06] [SYSTEM] [CONSULTATIE_ADAUGARE: CONS_3023]
[2026-06-03 10:02:06] [SYSTEM] [PROGRAMARE_NOUA: PRG_2024]
[2026-06-03 10:02:06] [SYSTEM] [CONSULTATIE_ADAUGARE: CONS_3024]
[2026-06-03 10:32:05] [admin] [LOGIN_SUCCES (rol: ADMIN)]
[2026-06-03 10:33:41] [admin] [LOGOUT]
[2026-06-03 11:35:52] [admin] [LOGIN_SUCCES (rol: ADMIN)]
[2026-06-03 11:36:56] [admin] [A resetat parola pentru: receptie]
[2026-06-03 11:37:52] [admin] [A resetat parola pentru: asist.ion]
[2026-06-03 11:38:13] [admin] [LOGOUT]
[2026-06-03 11:38:22] [dr.popescu] [LOGIN_SUCCES (rol: MEDIC)]
[2026-06-03 11:43:35] [asist.ion] [LOGIN_SUCCES (rol: ASISTENT)]
[2026-06-03 11:45:53] [asist.ion] [LOGOUT]
[2026-06-03 11:46:12] [receptie] [LOGIN_SUCCES (rol: RECEPTIE)]
[2026-06-03 11:48:35] [receptie] [LOGOUT]
[2026-06-03 11:48:46] [asist.ion] [LOGIN_SUCCES (rol: ASISTENT)]
[2026-06-03 11:51:05] [asist.ion] [LOGOUT]
[2026-06-03 12:04:29] [admin] [LOGIN_SUCCES (rol: ADMIN)]
[2026-06-03 12:04:55] [admin] [LOGOUT]
